<html>
<body>
<pre>
<h1>µVision Build Log</h1>
<h2>Project:</h2>
E:\v23he9p7\prab\PROJECT\PROJECT_ARM\LCD_KPM_TEST\LCD_KPM_TEST.uvproj
Project File Date:  08/16/2024

<h2>Output:</h2>
Build target 'Target 1'
compiling testmain.c...
linking...
Program Size: Code=6656 RO-data=32 RW-data=44 ZI-data=1372  
FromELF: creating hex file...
"LCD_KPM_TEST.axf" - 0 Error(s), 0 Warning(s).
Build target 'Target 1'
linking...
Program Size: Code=6656 RO-data=32 RW-data=44 ZI-data=1372  
FromELF: creating hex file...
"LCD_KPM_TEST.axf" - 0 Error(s), 0 Warning(s).
Build target 'Target 1'
compiling testmain.c...
linking...
Program Size: Code=6532 RO-data=32 RW-data=44 ZI-data=1372  
FromELF: creating hex file...
"LCD_KPM_TEST.axf" - 0 Error(s), 0 Warning(s).
Build target 'Target 1'
compiling testmain.c...
linking...
Program Size: Code=6540 RO-data=32 RW-data=44 ZI-data=1372  
FromELF: creating hex file...
"LCD_KPM_TEST.axf" - 0 Error(s), 0 Warning(s).
Build target 'Target 1'
compiling testmain.c...
linking...
Program Size: Code=6564 RO-data=32 RW-data=44 ZI-data=1372  
FromELF: creating hex file...
"LCD_KPM_TEST.axf" - 0 Error(s), 0 Warning(s).
Build target 'Target 1'
compiling testmain.c...
linking...
Program Size: Code=6564 RO-data=32 RW-data=44 ZI-data=1372  
FromELF: creating hex file...
"LCD_KPM_TEST.axf" - 0 Error(s), 0 Warning(s).
Build target 'Target 1'
linking...
Program Size: Code=6564 RO-data=32 RW-data=44 ZI-data=1372  
FromELF: creating hex file...
"LCD_KPM_TEST.axf" - 0 Error(s), 0 Warning(s).
