<html>
<body>
<pre>
<h1>µVision Build Log</h1>
<h2>Project:</h2>
D:\FINAL_improvised\ARM\LCD_KPM_TEST.uvproj
Project File Date:  09/28/2024

<h2>Output:</h2>
Rebuild target 'Target 1'
assembling Startup.s...
compiling uart.c...
compiling lcd.c...
compiling kpm2.c...
compiling delay.c...
compiling interrupt.c...
compiling UART1.c...
compiling main.c...
compiling myfuncs.c...
linking...
Program Size: Code=14968 RO-data=304 RW-data=88 ZI-data=1424  
FromELF: creating hex file...
".\LCD_KPM_TEST.axf" - 0 Error(s), 0 Warning(s).
</pre>
</body>
</html>
s, 0 errors
compiling UART1.c...
compiling main.c...
interrupt.h(8): warning:  #1295-D: Deprecated declaration Enable_U1INT - give arg types
  void Enable_U1INT();
interrupt.h(9): warning:  #1295-D: Deprecated declaration Disable_U1INT - give arg types
  void Disable_U1INT();
main.c: 2 warnings, 0 errors
compiling myfuncs.c...
interrupt.h(8): warning:  #1295-D: Deprecated declaration Enable_U1INT - give arg types
  void Enable_U1INT();
interrupt.h(9): warning:  #1295-D: Deprecated declaration Disable_U1INT - give arg types
  void Disable_U1INT();
myfuncs.c: 2 warnings, 0 errors
linking...
Program Size: Code=14968 RO-data=304 RW-data=88 ZI-data=1424  
FromELF: creating hex file...
".\LCD_KPM_TEST.axf" - 0 Error(s), 6 Warning(s).
