<html>
<body>
<pre>
<h1>µVision Build Log</h1>
<h2>Project:</h2>
E:\v23he9p7\prab\PROJECT\FINAL_improvised\ARM\LCD_KPM_TEST.uvproj
Project File Date:  09/27/2024

<h2>Output:</h2>
Build target 'Target 1'
assembling Startup.s...
compiling uart.c...
compiling lcd.c...
compiling kpm2.c...
compiling delay.c...
compiling interrupt.c...
compiling UART1.c...
compiling main.c...
compiling myfuncs.c...
linking...
Program Size: Code=15028 RO-data=304 RW-data=88 ZI-data=1424  
FromELF: creating hex file...
"LCD_KPM_TEST.axf" - 0 Error(s), 0 Warning(s).
