ARM Linker, 5.03 [Build 76] [MDK-ARM Lite]

==============================================================================

Section Cross References

    startup.o(STACK) refers (Special) to heapauxi.o(.text) for __use_two_region_memory
    startup.o(HEAP) refers (Special) to heapauxi.o(.text) for __use_two_region_memory
    startup.o(RESET) refers (Special) to heapauxi.o(.text) for __use_two_region_memory
    startup.o(RESET) refers to startup.o(STACK) for Stack_Top
    startup.o(RESET) refers to __main.o(!!!main) for __main
    startup.o(.text) refers (Special) to heapauxi.o(.text) for __use_two_region_memory
    startup.o(.text) refers to startup.o(HEAP) for Heap_Mem
    startup.o(.text) refers to startup.o(STACK) for Stack_Mem
    uart.o(.text) refers to delay.o(.text) for delay_ms
    uart.o(.text) refers to aeabi_sdiv.o(.text_udiv) for __aeabi_uidivmod
    uart.o(.text) refers to f2d.o(x$fpl$f2d) for __aeabi_f2d
    uart.o(.text) refers to dleqf.o(x$fpl$dleqf) for __aeabi_cdcmple
    uart.o(.text) refers to ffixu.o(x$fpl$ffixu) for __aeabi_f2uiz
    uart.o(.text) refers to fflt_noclz.o(x$fpl$ffltu) for __aeabi_ui2f
    uart.o(.text) refers to faddsub_noclz.o(x$fpl$frsb) for __aeabi_frsub
    uart.o(.text) refers to fmul.o(x$fpl$fmul) for __aeabi_fmul
    uart.o(.text) refers to uart.o(.bss) for buff
    lcd.o(.text) refers to delay.o(.text) for delay_us
    lcd.o(.text) refers to aeabi_sdiv.o(.text_udiv) for __aeabi_uidivmod
    lcd.o(.text) refers to lludiv.o(.text) for __aeabi_uldivmod
    lcd.o(.text) refers to f2d.o(x$fpl$f2d) for __aeabi_f2d
    lcd.o(.text) refers to dleqf.o(x$fpl$dleqf) for __aeabi_cdcmple
    lcd.o(.text) refers to ffixu.o(x$fpl$ffixu) for __aeabi_f2uiz
    lcd.o(.text) refers to fflt_noclz.o(x$fpl$ffltu) for __aeabi_ui2f
    lcd.o(.text) refers to faddsub_noclz.o(x$fpl$frsb) for __aeabi_frsub
    lcd.o(.text) refers to fmul.o(x$fpl$fmul) for __aeabi_fmul
    kpm2.o(.text) refers to lcd.o(.text) for CmdLCD
    kpm2.o(.text) refers to delay.o(.text) for delay_ms
    kpm2.o(.text) refers to aeabi_sdiv.o(.text) for __aeabi_idivmod
    kpm2.o(.text) refers to kpm2.o(.data) for kpmLUT
    kpm2.o(.text) refers to main.o(.data) for key
    interrupt.o(.text) refers to main.o(.data) for ch
    uart1.o(.text) refers to delay.o(.text) for delay_ms
    uart1.o(.text) refers to aeabi_sdiv.o(.text_udiv) for __aeabi_uidivmod
    uart1.o(.text) refers to f2d.o(x$fpl$f2d) for __aeabi_f2d
    uart1.o(.text) refers to dleqf.o(x$fpl$dleqf) for __aeabi_cdcmple
    uart1.o(.text) refers to ffixu.o(x$fpl$ffixu) for __aeabi_f2uiz
    uart1.o(.text) refers to fflt_noclz.o(x$fpl$ffltu) for __aeabi_ui2f
    uart1.o(.text) refers to faddsub_noclz.o(x$fpl$frsb) for __aeabi_frsub
    uart1.o(.text) refers to fmul.o(x$fpl$fmul) for __aeabi_fmul
    uart1.o(.text) refers to uart1.o(.bss) for buff
    main.o(.text) refers to kpm2.o(.text) for InitKPM
    main.o(.text) refers to lcd.o(.text) for InitLCD
    main.o(.text) refers to uart.o(.text) for InitUART0
    main.o(.text) refers to uart1.o(.text) for InitUART1
    main.o(.text) refers to interrupt.o(.text) for InitINT
    main.o(.text) refers to myfuncs.o(.text) for disp_proj_name
    main.o(.text) refers to delay.o(.text) for delay_s
    main.o(.text) refers to main.o(.data) for entryflag
    main.o(.text) refers to main.o(.bss) for BILL
    main.o(.text) refers to strcmp.o(.text) for strcmp
    myfuncs.o(.text) refers to _printf_percent.o(.ARM.Collect$$_printf_percent$$00000000) for _printf_percent
    myfuncs.o(.text) refers to _printf_c.o(.ARM.Collect$$_printf_percent$$00000013) for _printf_c
    myfuncs.o(.text) refers to _printf_str.o(.text) for _printf_str
    myfuncs.o(.text) refers to _printf_d.o(.ARM.Collect$$_printf_percent$$00000009) for _printf_d
    myfuncs.o(.text) refers to _printf_dec.o(.text) for _printf_int_dec
    myfuncs.o(.text) refers to strcpy.o(.text) for strcpy
    myfuncs.o(.text) refers to interrupt.o(.text) for ClearBufferUART
    myfuncs.o(.text) refers to uart.o(.text) for U0_TxStr
    myfuncs.o(.text) refers to lcd.o(.text) for CmdLCD
    myfuncs.o(.text) refers to delay.o(.text) for delay_s
    myfuncs.o(.text) refers to kpm2.o(.text) for kpm_input
    myfuncs.o(.text) refers to atoi.o(.text) for atoi
    myfuncs.o(.text) refers to main.o(.data) for entryflag
    myfuncs.o(.text) refers to main.o(.bss) for DUMMY
    myfuncs.o(.text) refers to noretval__2sprintf.o(.text) for __2sprintf
    __2sprintf.o(.text) refers to _printf_char_common.o(.text) for _printf_char_common
    __2sprintf.o(.text) refers to _sputc.o(.text) for _sputc
    noretval__2sprintf.o(.text) refers to _printf_char_common.o(.text) for _printf_char_common
    noretval__2sprintf.o(.text) refers to _sputc.o(.text) for _sputc
    __printf.o(.text) refers to __printf.o(i.__ARM_common_call_via_r1) for __ARM_common_call_via_r1
[...]
    __printf_wp.o(.text) refers to __printf_wp.o(i._is_digit) for _is_digit
    __printf_wp.o(.text) refers to _printf_percent.o(.ARM.Collect$$_printf_percent$$00000000) for _printf_percent
    __printf_wp.o(.text) refers to __printf.o(i.__ARM_common_call_via_r2) for __ARM_common_call_via_r2
    __printf_flags_wp.o(.text) refers to __printf.o(i.__ARM_common_call_via_r1) for __ARM_common_call_via_r1
    __printf_flags_wp.o(.text) refers to __printf_wp.o(i._is_digit) for _is_digit
    __printf_flags_wp.o(.text) refers to _printf_percent.o(.ARM.Collect$$_printf_percent$$00000000) for _printf_percent
    __printf_flags_wp.o(.text) refers to __printf.o(i.__ARM_common_call_via_r2) for __ARM_common_call_via_r2
    __printf_flags_wp.o(.text) refers to __printf_flags_wp.o(.constdata) for .constdata
    __printf_ss_wp.o(.text) refers to __printf.o(i.__ARM_common_call_via_r1) for __ARM_common_call_via_r1
    __printf_ss_wp.o(.text) refers to __printf_wp.o(i._is_digit) for _is_digit
    __printf_ss_wp.o(.text) refers to _printf_percent.o(.ARM.Collect$$_printf_percent$$00000000) for _printf_percent
    __printf_ss_wp.o(.text) refers to __printf.o(i.__ARM_common_call_via_r2) for __ARM_common_call_via_r2
    __printf_flags_ss_wp.o(.text) refers to __printf.o(i.__ARM_common_call_via_r1) for __ARM_common_call_via_r1
    __printf_flags_ss_wp.o(.text) refers to __printf_wp.o(i._is_digit) for _is_digit
    __printf_flags_ss_wp.o(.text) refers to _printf_percent.o(.ARM.Collect$$_printf_percent$$00000000) for _printf_percent
    __printf_flags_ss_wp.o(.text) refers to __printf.o(i.__ARM_common_call_via_r2) for __ARM_common_call_via_r2
    __printf_flags_ss_wp.o(.text) refers to __printf_flags_ss_wp.o(.constdata) for .constdata
    _printf_c.o(.ARM.Collect$$_printf_percent$$00000013) refers (Weak) to _printf_char.o(.text) for _printf_char
    _printf_d.o(.ARM.Collect$$_printf_percent$$00000009) refers (Weak) to _printf_dec.o(.text) for _printf_int_dec
    _printf_percent.o(.ARM.Collect$$_printf_percent$$00000000) refers (Special) to _printf_percent_end.o(.ARM.Collect$$_printf_percent$$00000017) for _printf_percent_end
    atoi.o(.text) refers to rt_errno_addr_intlibspace.o(.text) for __aeabi_errno_addr
    atoi.o(.text) refers to strtol.o(.text) for strtol
    aeabi_sdiv.o(.text_udiv) refers to aeabi_sdiv.o(.text) for __arm_div2
    aeabi_sdiv_div0.o(.text_udiv) refers to aeabi_sdiv_div0.o(.text) for __arm_div2
    __main.o(!!!main) refers to rtentry.o(.ARM.Collect$$rtentry$$00000000) for __rt_entry
    dleqf.o(x$fpl$dleqf) refers (Special) to usenofp.o(x$fpl$usenofp) for __I$use$fp
    dleqf.o(x$fpl$dleqf) refers to dnaninf.o(x$fpl$dnaninf) for __fpl_dnaninf
    dleqf.o(x$fpl$dleqf) refers to dcmpi.o(x$fpl$dcmpinf) for __fpl_dcmp_Inf
    f2d.o(x$fpl$f2d) refers (Special) to usenofp.o(x$fpl$usenofp) for __I$use$fp
    f2d.o(x$fpl$f2d) refers to fnaninf.o(x$fpl$fnaninf) for __fpl_fnaninf
    f2d.o(x$fpl$f2d) refers to dretinf.o(x$fpl$dretinf) for __fpl_dretinf
    faddsub_noclz.o(x$fpl$fadd) refers (Special) to usenofp.o(x$fpl$usenofp) for __I$use$fp
    faddsub_noclz.o(x$fpl$fadd) refers to faddsub_noclz.o(x$fpl$fsub) for _fsub1
    faddsub_noclz.o(x$fpl$fadd) refers to fretinf.o(x$fpl$fretinf) for __fpl_fretinf
    faddsub_noclz.o(x$fpl$fadd) refers to fnaninf.o(x$fpl$fnaninf) for __fpl_fnaninf
    faddsub_noclz.o(x$fpl$frsb) refers (Special) to usenofp.o(x$fpl$usenofp) for __I$use$fp
    faddsub_noclz.o(x$fpl$frsb) refers to faddsub_noclz.o(x$fpl$fadd) for _fadd1
    faddsub_noclz.o(x$fpl$frsb) refers to faddsub_noclz.o(x$fpl$fsub) for _fsub1
    faddsub_noclz.o(x$fpl$fsub) refers (Special) to usenofp.o(x$fpl$usenofp) for __I$use$fp
    faddsub_noclz.o(x$fpl$fsub) refers to faddsub_noclz.o(x$fpl$fadd) for _fadd1
    faddsub_noclz.o(x$fpl$fsub) refers to fnaninf.o(x$fpl$fnaninf) for __fpl_fnaninf
    ffixu.o(x$fpl$ffixu) refers (Special) to usenofp.o(x$fpl$usenofp) for __I$use$fp
    ffixu.o(x$fpl$ffixu) refers to fnaninf.o(x$fpl$fnaninf) for __fpl_fnaninf
    ffixu.o(x$fpl$ffixur) refers (Special) to usenofp.o(x$fpl$usenofp) for __I$use$fp
    ffixu.o(x$fpl$ffixur) refers to fnaninf.o(x$fpl$fnaninf) for __fpl_fnaninf
    fflt_noclz.o(x$fpl$ffltu) refers (Special) to usenofp.o(x$fpl$usenofp) for __I$use$fp
    fflt_noclz.o(x$fpl$ffltu) refers to fflt_noclz.o(x$fpl$fflt) for __fflt_normalise
    fflt_noclz.o(x$fpl$fflt) refers (Special) to usenofp.o(x$fpl$usenofp) for __I$use$fp
    fmul.o(x$fpl$fmul) refers (Special) to usenofp.o(x$fpl$usenofp) for __I$use$fp
    fmul.o(x$fpl$fmul) refers to fretinf.o(x$fpl$fretinf) for __fpl_fretinf
    fmul.o(x$fpl$fmul) refers to fnaninf.o(x$fpl$fnaninf) for __fpl_fnaninf
    rtentry.o(.ARM.Collect$$rtentry$$00000000) refers (Special) to rtentry2.o(.ARM.Collect$$rtentry$$0000000A) for __rt_entry_li
    rtentry.o(.ARM.Collect$$rtentry$$00000000) refers (Special) to rtentry2.o(.ARM.Collect$$rtentry$$0000000D) for __rt_entry_main
    rtentry.o(.ARM.Collect$$rtentry$$00000000) refers (Special) to rtentry2.o(.ARM.Collect$$rtentry$$0000000C) for __rt_entry_postli_1
    rtentry.o(.ARM.Collect$$rtentry$$00000000) refers (Special) to rtentry2.o(.ARM.Collect$$rtentry$$00000009) for __rt_entry_postsh_1
    rtentry.o(.ARM.Collect$$rtentry$$00000000) refers (Special) to rtentry2.o(.ARM.Collect$$rtentry$$00000002) for __rt_entry_presh_1
    rtentry.o(.ARM.Collect$$rtentry$$00000000) refers (Special) to rtentry4.o(.ARM.Collect$$rtentry$$00000004) for __rt_entry_sh
    aeabi_idiv0_sigfpe.o(.text) refers to rt_div0.o(.text) for __rt_div0
    aeabi_ldiv0_sigfpe.o(.text) refers to rt_div0.o(.text) for __rt_div0
    rt_errno_addr.o(.text) refers to rt_errno_addr.o(.bss) for __aeabi_errno_addr_data
    rt_errno_addr_intlibspace.o(.text) refers to libspace.o(.bss) for __libspace_start
    _printf_intcommon.o(.text) refers to __printf.o(i.__ARM_common_call_via_r2) for __ARM_common_call_via_r2
    _printf_char_common.o(.text) refers to __printf.o(.text) for __printf
    _printf_char.o(.text) refers (Weak) to _printf_str.o(.text) for _printf_str
    strtol.o(.text) refers to rt_ctype_table.o(.text) for __rt_ctype_table
    strtol.o(.text) refers to _strtoul.o(.text) for _strtoul
    strtol.o(.text) refers to rt_errno_addr_intlibspace.o(.text) for __aeabi_errno_addr
    dcmpi.o(x$fpl$dcmpinf) refers (Special) to usenofp.o(x$fpl$usenofp) for __I$use$fp
    dnaninf.o(x$fpl$dnaninf) refers (Special) to usenofp.o(x$fpl$usenofp) for __I$use$fp
    dretinf.o(x$fpl$dretinf) refers (Special) to usenofp.o(x$fpl$usenofp) for __I$use$fp
    fnaninf.o(x$fpl$fnaninf) refers (Special) to usenofp.o(x$fpl$usenofp) for __I$use$fp
    fretinf.o(x$fpl$fretinf) refers (Special) to usenofp.o(x$fpl$usenofp) for __I$use$fp
    libspace.o(.text) refers to libspace.o(.bss) for __libspace_start
    rtentry2.o(.ARM.Collect$$rtentry$$00000008) refers to boardinit2.o(.text) for _platform_post_stackheap_init
    rtentry2.o(.ARM.Collect$$rtentry$$0000000A) refers to libinit.o(.ARM.Collect$$libinit$$00000000) for __rt_lib_init
    rtentry2.o(.ARM.Collect$$rtentry$$0000000B) refers to boardinit3.o(.text) for _platform_post_lib_init
    rtentry2.o(.ARM.Collect$$rtentry$$0000000D) refers to exit.o(.text) for exit
    rtentry2.o(.ARM.Collect$$rtentry$$0000000D) refers to main.o(.text) for main
    rtentry2.o(.ARM.exidx) refers to rtentry2.o(.ARM.Collect$$rtentry$$00000001) for .ARM.Collect$$rtentry$$00000001
    rtentry2.o(.ARM.exidx) refers to rtentry2.o(.ARM.Collect$$rtentry$$00000008) for .ARM.Collect$$rtentry$$00000008
    rtentry2.o(.ARM.exidx) refers to rtentry2.o(.ARM.Collect$$rtentry$$0000000A) for .ARM.Collect$$rtentry$$0000000A
    rtentry2.o(.ARM.exidx) refers to rtentry2.o(.ARM.Collect$$rtentry$$0000000B) for .ARM.Collect$$rtentry$$0000000B
    rtentry2.o(.ARM.exidx) refers to rtentry2.o(.ARM.Collect$$rtentry$$0000000D) for .ARM.Collect$$rtentry$$0000000D
    rtentry4.o(.ARM.Collect$$rtentry$$00000004) refers to sys_stackheap_outer.o(.text) for __user_setup_stackheap
    rtentry4.o(.ARM.exidx) refers to rtentry4.o(.ARM.Collect$$rtentry$$00000004) for .ARM.Collect$$rtentry$$00000004
    rt_ctype_table.o(.text) refers to rt_locale_intlibspace.o(.text) for __rt_locale
    rt_ctype_table.o(.text) refers to lc_ctype_c.o(locale$$code) for _get_lc_ctype
    rt_div0.o(.text) refers to defsig_fpe_outer.o(.text) for __rt_SIGFPE
    __printf_nopercent.o(.text) refers to __printf_nopercent.o(i.__ARM_common_call_via_r7) for __ARM_common_call_via_r7
    __printf_nopercent.o(.text) refers to __printf_nopercent.o(i.__ARM_common_call_via_r5) for __ARM_common_call_via_r5
    _strtoul.o(.text) refers to _chval.o(.text) for _chval
    _strtoul.o(.text) refers to rt_errno_addr_intlibspace.o(.text) for __aeabi_errno_addr
    sys_stackheap_outer.o(.text) refers to libspace.o(.text) for __user_perproc_libspace
    sys_stackheap_outer.o(.text) refers to startup.o(.text) for __user_initial_stackheap
    rt_locale.o(.text) refers to rt_locale.o(.bss) for __rt_locale_data
    rt_locale_intlibspace.o(.text) refers to libspace.o(.bss) for __libspace_start
    lc_ctype_c.o(locale$$data) refers (Special) to libinit2.o(.ARM.Collect$$libinit$$00000010) for __rt_lib_init_lc_ctype_2
    lc_ctype_c.o(locale$$code) refers (Special) to libinit2.o(.ARM.Collect$$libinit$$00000010) for __rt_lib_init_lc_ctype_2
    lc_ctype_c.o(locale$$code) refers to strcmp.o(.text) for strcmp
    lc_ctype_c.o(locale$$code) refers to lc_ctype_c.o(locale$$data) for __lcctype_c_name
    exit.o(.text) refers to rtexit.o(.ARM.Collect$$rtexit$$00000000) for __rt_exit
    defsig_fpe_outer.o(.text) refers to defsig_fpe_inner.o(.text) for __rt_SIGFPE_inner
    defsig_fpe_outer.o(.text) refers to defsig_exit.o(.text) for __sig_exit
    defsig_fpe_formal.o(.text) refers to rt_raise.o(.text) for __rt_raise
    libinit.o(.ARM.Collect$$libinit$$00000000) refers (Special) to libinit2.o(.ARM.Collect$$libinit$$0000002C) for __rt_lib_init_alloca_1
    libinit.o(.ARM.Collect$$libinit$$00000000) refers (Special) to libinit2.o(.ARM.Collect$$libinit$$0000002A) for __rt_lib_init_argv_1
    libinit.o(.ARM.Collect$$libinit$$00000000) refers (Special) to libinit2.o(.ARM.Collect$$libinit$$00000019) for __rt_lib_init_atexit_1
    libinit.o(.ARM.Collect$$libinit$$00000000) refers (Special) to libinit2.o(.ARM.Collect$$libinit$$0000001F) for __rt_lib_init_clock_1
    libinit.o(.ARM.Collect$$libinit$$00000000) refers (Special) to libinit2.o(.ARM.Collect$$libinit$$00000030) for __rt_lib_init_cpp_1
    libinit.o(.ARM.Collect$$libinit$$00000000) refers (Special) to libinit2.o(.ARM.Collect$$libinit$$0000002E) for __rt_lib_init_exceptions_1
    libinit.o(.ARM.Collect$$libinit$$00000000) refers (Special) to libinit2.o(.ARM.Collect$$libinit$$00000002) for __rt_lib_init_fp_1
    libinit.o(.ARM.Collect$$libinit$$00000000) refers (Special) to libinit2.o(.ARM.Collect$$libinit$$0000001D) for __rt_lib_init_fp_trap_1
    libinit.o(.ARM.Collect$$libinit$$00000000) refers (Special) to libinit2.o(.ARM.Collect$$libinit$$00000021) for __rt_lib_init_getenv_1
    libinit.o(.ARM.Collect$$libinit$$00000000) refers (Special) to libinit2.o(.ARM.Collect$$libinit$$00000008) for __rt_lib_init_heap_1
    libinit.o(.ARM.Collect$$libinit$$00000000) refers (Special) to libinit2.o(.ARM.Collect$$libinit$$0000000F) for __rt_lib_init_lc_collate_1
    libinit.o(.ARM.Collect$$libinit$$00000000) refers (Special) to libinit2.o(.ARM.Collect$$libinit$$00000011) for __rt_lib_init_lc_ctype_1
    libinit.o(.ARM.Collect$$libinit$$00000000) refers (Special) to libinit2.o(.ARM.Collect$$libinit$$00000013) for __rt_lib_init_lc_monetary_1
    libinit.o(.ARM.Collect$$libinit$$00000000) refers (Special) to libinit2.o(.ARM.Collect$$libinit$$00000015) for __rt_lib_init_lc_numeric_1
    libinit.o(.ARM.Collect$$libinit$$00000000) refers (Special) to libinit2.o(.ARM.Collect$$libinit$$00000017) for __rt_lib_init_lc_time_1
    libinit.o(.ARM.Collect$$libinit$$00000000) refers (Special) to libinit2.o(.ARM.Collect$$libinit$$0000000C) for __rt_lib_init_rand_1
    libinit.o(.ARM.Collect$$libinit$$00000000) refers (Special) to libinit2.o(.ARM.Collect$$libinit$$00000031) for __rt_lib_init_return
    libinit.o(.ARM.Collect$$libinit$$00000000) refers (Special) to libinit2.o(.ARM.Collect$$libinit$$0000001B) for __rt_lib_init_signal_1
    libinit.o(.ARM.Collect$$libinit$$00000000) refers (Special) to libinit2.o(.ARM.Collect$$libinit$$00000023) for __rt_lib_init_stdio_1
    libinit.o(.ARM.Collect$$libinit$$00000000) refers (Special) to libinit2.o(.ARM.Collect$$libinit$$0000000A) for __rt_lib_init_user_alloc_1
    rtexit.o(.ARM.Collect$$rtexit$$00000000) refers (Special) to rtexit2.o(.ARM.Collect$$rtexit$$00000004) for __rt_exit_exit
    rtexit.o(.ARM.Collect$$rtexit$$00000000) refers (Special) to rtexit2.o(.ARM.Collect$$rtexit$$00000003) for __rt_exit_ls
    rtexit.o(.ARM.Collect$$rtexit$$00000000) refers (Special) to rtexit2.o(.ARM.Collect$$rtexit$$00000002) for __rt_exit_prels_1
    rtexit.o(.ARM.exidx) refers (Special) to rtexit2.o(.ARM.Collect$$rtexit$$00000004) for __rt_exit_exit
    rtexit.o(.ARM.exidx) refers (Special) to rtexit2.o(.ARM.Collect$$rtexit$$00000003) for __rt_exit_ls
    rtexit.o(.ARM.exidx) refers (Special) to rtexit2.o(.ARM.Collect$$rtexit$$00000002) for __rt_exit_prels_1
    rtexit.o(.ARM.exidx) refers to rtexit.o(.ARM.Collect$$rtexit$$00000000) for .ARM.Collect$$rtexit$$00000000
    rt_raise.o(.text) refers to __raise.o(.text) for __raise
    rt_raise.o(.text) refers to sys_exit.o(.text) for _sys_exit
    defsig_exit.o(.text) refers to sys_exit.o(.text) for _sys_exit
    defsig_fpe_inner.o(.text) refers to defsig_general.o(.text) for __default_signal_display
    libinit2.o(.ARM.Collect$$libinit$$00000001) refers to fpinit.o(x$fpl$fpinit) for _fp_init
    libinit2.o(.ARM.Collect$$libinit$$0000000D) refers (Weak) to rt_locale_intlibspace.o(.text) for __rt_locale
    libinit2.o(.ARM.Collect$$libinit$$0000000E) refers to libinit2.o(.ARM.Collect$$libinit$$0000000D) for .ARM.Collect$$libinit$$0000000D
    libinit2.o(.ARM.Collect$$libinit$$00000010) refers to libinit2.o(.ARM.Collect$$libinit$$0000000D) for .ARM.Collect$$libinit$$0000000D
    libinit2.o(.ARM.Collect$$libinit$$00000010) refers (Weak) to lc_ctype_c.o(locale$$code) for _get_lc_ctype
    libinit2.o(.ARM.Collect$$libinit$$00000012) refers to libinit2.o(.ARM.Collect$$libinit$$0000000D) for .ARM.Collect$$libinit$$0000000D
    libinit2.o(.ARM.Collect$$libinit$$00000014) refers to libinit2.o(.ARM.Collect$$libinit$$0000000D) for .ARM.Collect$$libinit$$0000000D
    libinit2.o(.ARM.Collect$$libinit$$00000016) refers to libinit2.o(.ARM.Collect$$libinit$$0000000D) for .ARM.Collect$$libinit$$0000000D
    libinit2.o(.ARM.Collect$$libinit$$00000024) refers to argv_veneer.o(.emb_text) for __ARM_argv_veneer
    libinit2.o(.ARM.Collect$$libinit$$00000025) refers to argv_veneer.o(.emb_text) for __ARM_argv_veneer
    sys_exit.o(.text) refers (Special) to use_no_semi.o(.text) for __I$use$semihosting
    sys_exit.o(.text) refers (Special) to indicate_semi.o(.text) for __semihosting_library_function
    rtexit2.o(.ARM.Collect$$rtexit$$00000003) refers to libshutdown.o(.ARM.Collect$$libshutdown$$00000000) for __rt_lib_shutdown
    rtexit2.o(.ARM.Collect$$rtexit$$00000004) refers to sys_exit.o(.text) for _sys_exit
    rtexit2.o(.ARM.exidx) refers to rtexit2.o(.ARM.Collect$$rtexit$$00000001) for .ARM.Collect$$rtexit$$00000001
    rtexit2.o(.ARM.exidx) refers to rtexit2.o(.ARM.Collect$$rtexit$$00000003) for .ARM.Collect$$rtexit$$00000003
    rtexit2.o(.ARM.exidx) refers to rtexit2.o(.ARM.Collect$$rtexit$$00000004) for .ARM.Collect$$rtexit$$00000004
    __raise.o(.text) refers to __printf.o(i.__ARM_common_call_via_r2) for __ARM_common_call_via_r2
    __raise.o(.text) refers to defsig.o(CL$$defsig) for __default_signal_handler
    defsig_general.o(.text) refers to sys_wrch.o(.text) for _ttywrch
    argv_veneer.o(.emb_text) refers to no_argv.o(.text) for __ARM_get_argv
    sys_wrch.o(.text) refers (Special) to use_no_semi.o(.text) for __I$use$semihosting
    sys_wrch.o(.text) refers (Special) to indicate_semi.o(.text) for __semihosting_library_function
    defsig.o(CL$$defsig) refers to defsig_fpe_inner.o(.text) for __rt_SIGFPE_inner
    defsig.o(CL$$defsig) refers to defsig_rtmem_inner.o(.text) for __rt_SIGRTMEM_inner
    _get_argv_nomalloc.o(.text) refers (Special) to hrguard.o(.text) for __heap_region$guard
    _get_argv_nomalloc.o(.text) refers to defsig_rtmem_outer.o(.text) for __rt_SIGRTMEM
    _get_argv_nomalloc.o(.text) refers to sys_command.o(.text) for _sys_command_string
    libshutdown.o(.ARM.Collect$$libshutdown$$00000000) refers (Special) to libshutdown2.o(.ARM.Collect$$libshutdown$$00000006) for __rt_lib_shutdown_fp_trap_1
    libshutdown.o(.ARM.Collect$$libshutdown$$00000000) refers (Special) to libshutdown2.o(.ARM.Collect$$libshutdown$$0000000E) for __rt_lib_shutdown_heap_1
    libshutdown.o(.ARM.Collect$$libshutdown$$00000000) refers (Special) to libshutdown2.o(.ARM.Collect$$libshutdown$$0000000F) for __rt_lib_shutdown_return
    libshutdown.o(.ARM.Collect$$libshutdown$$00000000) refers (Special) to libshutdown2.o(.ARM.Collect$$libshutdown$$00000009) for __rt_lib_shutdown_signal_1
    libshutdown.o(.ARM.Collect$$libshutdown$$00000000) refers (Special) to libshutdown2.o(.ARM.Collect$$libshutdown$$00000003) for __rt_lib_shutdown_stdio_1
    libshutdown.o(.ARM.Collect$$libshutdown$$00000000) refers (Special) to libshutdown2.o(.ARM.Collect$$libshutdown$$0000000B) for __rt_lib_shutdown_user_alloc_1
    sys_command.o(.text) refers (Special) to use_no_semi.o(.text) for __I$use$semihosting
    sys_command.o(.text) refers (Special) to indicate_semi.o(.text) for __semihosting_library_function
    defsig_abrt_inner.o(.text) refers to defsig_general.o(.text) for __default_signal_display
    defsig_rtred_inner.o(.text) refers to defsig_general.o(.text) for __default_signal_display
    defsig_rtmem_inner.o(.text) refers to defsig_general.o(.text) for __default_signal_display
    defsig_rtmem_outer.o(.text) refers to defsig_rtmem_inner.o(.text) for __rt_SIGRTMEM_inner
    defsig_rtmem_outer.o(.text) refers to defsig_exit.o(.text) for __sig_exit
    defsig_rtmem_formal.o(.text) refers to rt_raise.o(.text) for __rt_raise
    defsig_stak_inner.o(.text) refers to defsig_general.o(.text) for __default_signal_display
    defsig_pvfn_inner.o(.text) refers to defsig_general.o(.text) for __default_signal_display
    defsig_cppl_inner.o(.text) refers to defsig_general.o(.text) for __default_signal_display
    defsig_segv_inner.o(.text) refers to defsig_general.o(.text) for __default_signal_display
    defsig_other.o(.text) refers to defsig_general.o(.text) for __default_signal_display


==============================================================================

Adding Veneers to the image

    Adding TA veneer (4 bytes, Inline) for call to '_printf_percent' from __printf.o(.text).
    Adding AT veneer (8 bytes, Inline) for call to '__rt_lib_init' from rtentry2.o(.ARM.Collect$$rtentry$$0000000A).
    Adding AT veneer (8 bytes, Inline) for call to '__rt_lib_shutdown' from rtexit2.o(.ARM.Collect$$rtexit$$00000003).
    Adding TA veneer (4 bytes, Inline) for call to '__rt_exit' from exit.o(.text).
    Adding AT veneer (8 bytes, Inline) for call to '__2sprintf' from myfuncs.o(.text).
    Adding AT veneer (8 bytes, Inline) for call to '_printf_int_dec' from _printf_d.o(.ARM.Collect$$_printf_percent$$00000009).
    Adding AT veneer (8 bytes, Inline) for call to 'atoi' from myfuncs.o(.text).
    Adding AT veneer (8 bytes, Inline) for call to 'strcpy' from myfuncs.o(.text).
    Adding TA veneer (4 bytes, Inline) for call to '__aeabi_errno_addr' from atoi.o(.text).
    Adding AT veneer (8 bytes, Inline) for call to '_printf_char' from _printf_c.o(.ARM.Collect$$_printf_percent$$00000013).
    Adding TA veneer (4 bytes, Inline) for call to '__rt_udiv10' from _printf_dec.o(.text).
    Adding TA veneer (4 bytes, Inline) for call to '__rt_ctype_table' from strtol.o(.text).
    Adding TA veneer (4 bytes, Inline) for call to '__rt_locale' from libinit2.o(.ARM.Collect$$libinit$$0000000D).
    Adding AT veneer (8 bytes, Inline) for call to '_sys_exit' from rtexit2.o(.ARM.Collect$$rtexit$$00000004).
    Adding TA veneer (4 bytes, Inline) for call to '_get_lc_ctype' from libinit2.o(.ARM.Collect$$libinit$$00000010).

15 Veneer(s) (total 92 bytes) added to the image.

==============================================================================

Image Symbol Table

    Local Symbols

    Symbol Name                              Value     Ov Type        Size  Object(Section)

    RESET                                    0x00000000   Section      272  startup.o(RESET)
    ../clib/angel/boardlib.s                 0x00000000   Number         0  boardinit2.o ABSOLUTE
    ../clib/angel/boardlib.s                 0x00000000   Number         0  boardshut.o ABSOLUTE
    ../clib/angel/boardlib.s                 0x00000000   Number         0  boardinit1.o ABSOLUTE
    ../clib/angel/boardlib.s                 0x00000000   Number         0  boardinit3.o ABSOLUTE
    ../clib/angel/handlers.s                 0x00000000   Number         0  __scatter_zi.o ABSOLUTE
    ../clib/angel/handlers.s                 0x00000000   Number         0  __scatter_copy.o ABSOLUTE
    ../clib/angel/kernel.s                   0x00000000   Number         0  rtexit2.o ABSOLUTE
    ../clib/angel/kernel.s                   0x00000000   Number         0  rtentry.o ABSOLUTE
    ../clib/angel/kernel.s                   0x00000000   Number         0  rtentry2.o ABSOLUTE
    ../clib/angel/kernel.s                   0x00000000   Number         0  rtexit.o ABSOLUTE
    ../clib/angel/kernel.s                   0x00000000   Number         0  rtentry4.o ABSOLUTE
    ../clib/angel/rt.s                       0x00000000   Number         0  rt_errno_addr.o ABSOLUTE
    ../clib/angel/rt.s                       0x00000000   Number         0  rt_errno_addr_intlibspace.o ABSOLUTE
    ../clib/angel/rt.s                       0x00000000   Number         0  rt_ctype_table.o ABSOLUTE
    ../clib/angel/rt.s                       0x00000000   Number         0  aeabi_ldiv0_sigfpe.o ABSOLUTE
    ../clib/angel/rt.s                       0x00000000   Number         0  rt_locale_intlibspace.o ABSOLUTE
    ../clib/angel/rt.s                       0x00000000   Number         0  rt_raise.o ABSOLUTE
    ../clib/angel/rt.s                       0x00000000   Number         0  rt_locale.o ABSOLUTE
    ../clib/angel/rt.s                       0x00000000   Number         0  rt_div0.o ABSOLUTE
    ../clib/angel/rt.s                       0x00000000   Number         0  aeabi_idiv0.o ABSOLUTE
    ../clib/angel/rt.s                       0x00000000   Number         0  aeabi_idiv0_sigfpe.o ABSOLUTE
    ../clib/angel/rt.s                       0x00000000   Number         0  aeabi_ldiv0.o ABSOLUTE
    ../clib/angel/scatter.s                  0x00000000   Number         0  __scatter.o ABSOLUTE
    ../clib/angel/startup.s                  0x00000000   Number         0  __main.o ABSOLUTE
    ../clib/angel/sys.s                      0x00000000   Number         0  use_no_semi.o ABSOLUTE
    ../clib/angel/sys.s                      0x00000000   Number         0  libspace.o ABSOLUTE
    ../clib/angel/sys.s                      0x00000000   Number         0  sys_stackheap_outer.o ABSOLUTE
    ../clib/angel/sys.s                      0x00000000   Number         0  indicate_semi.o ABSOLUTE
    ../clib/angel/sysapp.c                   0x00000000   Number         0  sys_command.o ABSOLUTE
    ../clib/angel/sysapp.c                   0x00000000   Number         0  sys_wrch.o ABSOLUTE
    ../clib/angel/sysapp.c                   0x00000000   Number         0  sys_exit.o ABSOLUTE
    ../clib/armsys.c                         0x00000000   Number         0  _get_argv_nomalloc.o ABSOLUTE
    ../clib/armsys.c                         0x00000000   Number         0  argv_veneer.o ABSOLUTE
    ../clib/armsys.c                         0x00000000   Number         0  argv_veneer.o ABSOLUTE
    ../clib/armsys.c                         0x00000000   Number         0  no_argv.o ABSOLUTE
    ../clib/division.s                       0x00000000   Number         0  rtudiv10.o ABSOLUTE
    ../clib/division.s                       0x00000000   Number         0  aeabi_sdiv_div0.o ABSOLUTE
    ../clib/division.s                       0x00000000   Number         0  aeabi_sdiv.o ABSOLUTE
    ../clib/divrt.s                          0x00000000   Number         0  divrt_7tdmi_div0.o ABSOLUTE
    ../clib/divrt.s                          0x00000000   Number         0  divrt_7tdmi.o ABSOLUTE
    ../clib/heapalloc.c                      0x00000000   Number         0  hrguard.o ABSOLUTE
    ../clib/heapaux.c                        0x00000000   Number         0  heapauxi.o ABSOLUTE
    ../clib/libinit.s                        0x00000000   Number         0  libinit.o ABSOLUTE
    ../clib/libinit.s                        0x00000000   Number         0  libshutdown2.o ABSOLUTE
    ../clib/libinit.s                        0x00000000   Number         0  libinit2.o ABSOLUTE
    ../clib/libinit.s                        0x00000000   Number         0  libshutdown.o ABSOLUTE
    ../clib/locale.s                         0x00000000   Number         0  lc_ctype_c.o ABSOLUTE
    ../clib/longlong.s                       0x00000000   Number         0  lludiv.o ABSOLUTE
    ../clib/memcpset.s                       0x00000000   Number         0  strcmp.o ABSOLUTE
    ../clib/printf.c                         0x00000000   Number         0  _printf_dec.o ABSOLUTE
    ../clib/printf.c                         0x00000000   Number         0  __printf_flags.o ABSOLUTE
    ../clib/printf.c                         0x00000000   Number         0  __printf_ss.o ABSOLUTE
    ../clib/printf.c                         0x00000000   Number         0  __printf_flags_ss.o ABSOLUTE
    ../clib/printf.c                         0x00000000   Number         0  __printf_wp.o ABSOLUTE
    ../clib/printf.c                         0x00000000   Number         0  __printf_flags_wp.o ABSOLUTE
    ../clib/printf.c                         0x00000000   Number         0  __printf_ss_wp.o ABSOLUTE
    ../clib/printf.c                         0x00000000   Number         0  __printf_flags_ss_wp.o ABSOLUTE
    ../clib/printf.c                         0x00000000   Number         0  _printf_intcommon.o ABSOLUTE
    ../clib/printf.c                         0x00000000   Number         0  _printf_char_common.o ABSOLUTE
    ../clib/printf.c                         0x00000000   Number         0  __printf_nopercent.o ABSOLUTE
    ../clib/printf.c                         0x00000000   Number         0  _sputc.o ABSOLUTE
    ../clib/printf.c                         0x00000000   Number         0  _printf_char.o ABSOLUTE
    ../clib/printf.c                         0x00000000   Number         0  __2sprintf.o ABSOLUTE
    ../clib/printf.c                         0x00000000   Number         0  noretval__2sprintf.o ABSOLUTE
    ../clib/printf.c                         0x00000000   Number         0  __printf.o ABSOLUTE
    ../clib/printf.c                         0x00000000   Number         0  _printf_str.o ABSOLUTE
    ../clib/printf_percent.s                 0x00000000   Number         0  _printf_percent_end.o ABSOLUTE
    ../clib/printf_percent.s                 0x00000000   Number         0  _printf_c.o ABSOLUTE
    ../clib/printf_percent.s                 0x00000000   Number         0  _printf_percent.o ABSOLUTE
    ../clib/printf_percent.s                 0x00000000   Number         0  _printf_d.o ABSOLUTE
    ../clib/scanf.c                          0x00000000   Number         0  _chval.o ABSOLUTE
    ../clib/scanf.c                          0x00000000   Number         0  atoi.o ABSOLUTE
    ../clib/scanf.c                          0x00000000   Number         0  strtol.o ABSOLUTE
    ../clib/scanf.c                          0x00000000   Number         0  _strtoul.o ABSOLUTE
    ../clib/signal.c                         0x00000000   Number         0  defsig_rtred_inner.o ABSOLUTE
    ../clib/signal.c                         0x00000000   Number         0  defsig_rtmem_inner.o ABSOLUTE
    ../clib/signal.c                         0x00000000   Number         0  defsig_general.o ABSOLUTE
    ../clib/signal.c                         0x00000000   Number         0  defsig_rtmem_outer.o ABSOLUTE
    ../clib/signal.c                         0x00000000   Number         0  defsig_rtmem_formal.o ABSOLUTE
    ../clib/signal.c                         0x00000000   Number         0  defsig_fpe_inner.o ABSOLUTE
    ../clib/signal.c                         0x00000000   Number         0  defsig_exit.o ABSOLUTE
    ../clib/signal.c                         0x00000000   Number         0  defsig_stak_inner.o ABSOLUTE
    ../clib/signal.c                         0x00000000   Number         0  defsig_pvfn_inner.o ABSOLUTE
    ../clib/signal.c                         0x00000000   Number         0  __raise.o ABSOLUTE
    ../clib/signal.c                         0x00000000   Number         0  defsig_segv_inner.o ABSOLUTE
    ../clib/signal.c                         0x00000000   Number         0  defsig_other.o ABSOLUTE
    ../clib/signal.c                         0x00000000   Number         0  defsig_fpe_formal.o ABSOLUTE
    ../clib/signal.c                         0x00000000   Number         0  defsig_fpe_outer.o ABSOLUTE
    ../clib/signal.c                         0x00000000   Number         0  defsig_cppl_inner.o ABSOLUTE
    ../clib/signal.c                         0x00000000   Number         0  defsig_abrt_inner.o ABSOLUTE
    ../clib/signal.s                         0x00000000   Number         0  defsig.o ABSOLUTE
    ../clib/stdlib.c                         0x00000000   Number         0  exit.o ABSOLUTE
    ../clib/string.c                         0x00000000   Number         0  strcpy.o ABSOLUTE
    ../fplib/dcmpi.s                         0x00000000   Number         0  dcmpi.o ABSOLUTE
    ../fplib/dleqf.s                         0x00000000   Number         0  dleqf.o ABSOLUTE
    ../fplib/dnaninf.s                       0x00000000   Number         0  dnaninf.o ABSOLUTE
    ../fplib/dretinf.s                       0x00000000   Number         0  dretinf.o ABSOLUTE
    ../fplib/f2d.s                           0x00000000   Number         0  f2d.o ABSOLUTE
    ../fplib/faddsub.s                       0x00000000   Number         0  faddsub_noclz.o ABSOLUTE
    ../fplib/ffixu.s                         0x00000000   Number         0  ffixu.o ABSOLUTE
    ../fplib/fflt.s                          0x00000000   Number         0  fflt_noclz.o ABSOLUTE
    ../fplib/fmul.s                          0x00000000   Number         0  fmul.o ABSOLUTE
    ../fplib/fnaninf.s                       0x00000000   Number         0  fnaninf.o ABSOLUTE
    ../fplib/fpinit.s                        0x00000000   Number         0  fpinit.o ABSOLUTE
    ../fplib/fretinf.s                       0x00000000   Number         0  fretinf.o ABSOLUTE
    ../fplib/usenofp.s                       0x00000000   Number         0  usenofp.o ABSOLUTE
    Startup.s                                0x00000000   Number         0  startup.o ABSOLUTE
    UART1.c                                  0x00000000   Number         0  uart1.o ABSOLUTE
    dc.s                                     0x00000000   Number         0  dc.o ABSOLUTE
    delay.c                                  0x00000000   Number         0  delay.o ABSOLUTE
    interrupt.c                              0x00000000   Number         0  interrupt.o ABSOLUTE
    kpm2.c                                   0x00000000   Number         0  kpm2.o ABSOLUTE
    lcd.c                                    0x00000000   Number         0  lcd.o ABSOLUTE
    main.c                                   0x00000000   Number         0  main.o ABSOLUTE
    myfuncs.c                                0x00000000   Number         0  myfuncs.o ABSOLUTE
    uart.c                                   0x00000000   Number         0  uart.o ABSOLUTE
    Undef_Handler                            0x00000040   ARM Code       4  startup.o(RESET)
    SWI_Handler                              0x00000044   ARM Code       4  startup.o(RESET)
    PAbt_Handler                             0x00000048   ARM Code       4  startup.o(RESET)
    DAbt_Handler                             0x0000004c   ARM Code       4  startup.o(RESET)
    IRQ_Handler                              0x00000050   ARM Code       4  startup.o(RESET)
    FIQ_Handler                              0x00000054   ARM Code       4  startup.o(RESET)
    !!!main                                  0x00000110   Section        8  __main.o(!!!main)
    !!!scatter                               0x00000118   Section       60  __scatter.o(!!!scatter)
    !!handler_copy                           0x00000154   Section       40  __scatter_copy.o(!!handler_copy)
    !!handler_zi                             0x0000017c   Section       44  __scatter_zi.o(!!handler_zi)
    .ARM.Collect$$_printf_percent$$00000000  0x000001ac   Section        0  _printf_percent.o(.ARM.Collect$$_printf_percent$$00000000)
    .ARM.Collect$$_printf_percent$$00000009  0x000001ac   Section        8  _printf_d.o(.ARM.Collect$$_printf_percent$$00000009)
    .ARM.Collect$$_printf_percent$$00000013  0x000001b4   Section        8  _printf_c.o(.ARM.Collect$$_printf_percent$$00000013)
    .ARM.Collect$$_printf_percent$$00000017  0x000001bc   Section        8  _printf_percent_end.o(.ARM.Collect$$_printf_percent$$00000017)
    .ARM.Collect$$libinit$$00000000          0x000001cc   Section        2  libinit.o(.ARM.Collect$$libinit$$00000000)
    .ARM.Collect$$libinit$$00000002          0x000001ce   Section        0  libinit2.o(.ARM.Collect$$libinit$$00000002)
    .ARM.Collect$$libinit$$00000008          0x000001ce   Section        0  libinit2.o(.ARM.Collect$$libinit$$00000008)
    .ARM.Collect$$libinit$$0000000A          0x000001ce   Section        0  libinit2.o(.ARM.Collect$$libinit$$0000000A)
    .ARM.Collect$$libinit$$0000000C          0x000001ce   Section        0  libinit2.o(.ARM.Collect$$libinit$$0000000C)
    .ARM.Collect$$libinit$$0000000D          0x000001ce   Section        6  libinit2.o(.ARM.Collect$$libinit$$0000000D)
    .ARM.Collect$$libinit$$0000000F          0x000001d4   Section        0  libinit2.o(.ARM.Collect$$libinit$$0000000F)
    .ARM.Collect$$libinit$$00000010          0x000001d4   Section       12  libinit2.o(.ARM.Collect$$libinit$$00000010)
    .ARM.Collect$$libinit$$00000011          0x000001e0   Section        0  libinit2.o(.ARM.Collect$$libinit$$00000011)
    .ARM.Collect$$libinit$$00000013          0x000001e0   Section        0  libinit2.o(.ARM.Collect$$libinit$$00000013)
    .ARM.Collect$$libinit$$00000015          0x000001e0   Section        0  libinit2.o(.ARM.Collect$$libinit$$00000015)
    .ARM.Collect$$libinit$$00000017          0x000001e0   Section        0  libinit2.o(.ARM.Collect$$libinit$$00000017)
    .ARM.Collect$$libinit$$00000019          0x000001e0   Section        0  libinit2.o(.ARM.Collect$$libinit$$00000019)
    .ARM.Collect$$libinit$$0000001B          0x000001e0   Section        0  libinit2.o(.ARM.Collect$$libinit$$0000001B)
    .ARM.Collect$$libinit$$0000001D          0x000001e0   Section        0  libinit2.o(.ARM.Collect$$libinit$$0000001D)
    .ARM.Collect$$libinit$$0000001F          0x000001e0   Section        0  libinit2.o(.ARM.Collect$$libinit$$0000001F)
    .ARM.Collect$$libinit$$00000021          0x000001e0   Section        0  libinit2.o(.ARM.Collect$$libinit$$00000021)
    .ARM.Collect$$libinit$$00000023          0x000001e0   Section        0  libinit2.o(.ARM.Collect$$libinit$$00000023)
    .ARM.Collect$$libinit$$0000002A          0x000001e0   Section        0  libinit2.o(.ARM.Collect$$libinit$$0000002A)
    .ARM.Collect$$libinit$$0000002C          0x000001e0   Section        0  libinit2.o(.ARM.Collect$$libinit$$0000002C)
    .ARM.Collect$$libinit$$0000002E          0x000001e0   Section        0  libinit2.o(.ARM.Collect$$libinit$$0000002E)
    .ARM.Collect$$libinit$$00000030          0x000001e0   Section        0  libinit2.o(.ARM.Collect$$libinit$$00000030)
    .ARM.Collect$$libinit$$00000031          0x000001e0   Section       12  libinit2.o(.ARM.Collect$$libinit$$00000031)
    .ARM.Collect$$libshutdown$$00000000      0x000001f4   Section        4  libshutdown.o(.ARM.Collect$$libshutdown$$00000000)
    .ARM.Collect$$libshutdown$$00000003      0x000001f8   Section        0  libshutdown2.o(.ARM.Collect$$libshutdown$$00000003)
    .ARM.Collect$$libshutdown$$00000006      0x000001f8   Section        0  libshutdown2.o(.ARM.Collect$$libshutdown$$00000006)
    .ARM.Collect$$libshutdown$$00000009      0x000001f8   Section        0  libshutdown2.o(.ARM.Collect$$libshutdown$$00000009)
    .ARM.Collect$$libshutdown$$0000000B      0x000001f8   Section        0  libshutdown2.o(.ARM.Collect$$libshutdown$$0000000B)
    .ARM.Collect$$libshutdown$$0000000E      0x000001f8   Section        0  libshutdown2.o(.ARM.Collect$$libshutdown$$0000000E)
    .ARM.Collect$$libshutdown$$0000000F      0x000001f8   Section        6  libshutdown2.o(.ARM.Collect$$libshutdown$$0000000F)
    .ARM.Collect$$rtentry$$00000000          0x00000200   Section        0  rtentry.o(.ARM.Collect$$rtentry$$00000000)
    .ARM.Collect$$rtentry$$00000002          0x00000200   Section        0  rtentry2.o(.ARM.Collect$$rtentry$$00000002)
    .ARM.Collect$$rtentry$$00000004          0x00000200   Section        8  rtentry4.o(.ARM.Collect$$rtentry$$00000004)
    .ARM.Collect$$rtentry$$00000009          0x00000208   Section        0  rtentry2.o(.ARM.Collect$$rtentry$$00000009)
    .ARM.Collect$$rtentry$$0000000A          0x00000208   Section        4  rtentry2.o(.ARM.Collect$$rtentry$$0000000A)
    .ARM.Collect$$rtentry$$0000000C          0x0000020c   Section        0  rtentry2.o(.ARM.Collect$$rtentry$$0000000C)
    .ARM.Collect$$rtentry$$0000000D          0x0000020c   Section       40  rtentry2.o(.ARM.Collect$$rtentry$$0000000D)
    .ARM.Collect$$rtexit$$00000000           0x00000238   Section        4  rtexit.o(.ARM.Collect$$rtexit$$00000000)
    .ARM.Collect$$rtexit$$00000002           0x0000023c   Section        0  rtexit2.o(.ARM.Collect$$rtexit$$00000002)
    .ARM.Collect$$rtexit$$00000003           0x0000023c   Section        4  rtexit2.o(.ARM.Collect$$rtexit$$00000003)
    .ARM.Collect$$rtexit$$00000004           0x00000240   Section        8  rtexit2.o(.ARM.Collect$$rtexit$$00000004)
    .text                                    0x00000248   Section       32  startup.o(.text)
    .text                                    0x00000268   Section        0  uart.o(.text)
    .text                                    0x000004e8   Section        0  lcd.o(.text)
    .text                                    0x00000a84   Section        0  kpm2.o(.text)
    .text                                    0x00000e08   Section        0  delay.o(.text)
    .text                                    0x00000e64   Section        0  interrupt.o(.text)
    .text                                    0x0000125c   Section        0  uart1.o(.text)
    .text                                    0x000014dc   Section        0  main.o(.text)
    .text                                    0x00001dc4   Section        0  myfuncs.o(.text)
    .text                                    0x00002940   Section      720  lludiv.o(.text)
    .text                                    0x00002c18   Section        0  noretval__2sprintf.o(.text)
    .text                                    0x00002c40   Section        0  __printf.o(.text)
    .text                                    0x00002cb6   Section        0  _printf_str.o(.text)
    .text                                    0x00002d18   Section        0  _printf_dec.o(.text)
    .text                                    0x00002d90   Section        0  atoi.o(.text)
    .text                                    0x00002db8   Section        0  strcpy.o(.text)
    .text                                    0x00002e08   Section      160  strcmp.o(.text)
    .text                                    0x00002ea8   Section      384  aeabi_sdiv.o(.text)
    __arm_div8                               0x00002ed4   ARM Code       0  aeabi_sdiv.o(.text)
    __arm_div5                               0x00002ef8   ARM Code       0  aeabi_sdiv.o(.text)
    __arm_div2                               0x00002f1c   ARM Code       0  aeabi_sdiv.o(.text)
    __arm_div_large                          0x00002f58   ARM Code       0  aeabi_sdiv.o(.text)
    .text                                    0x00003028   Section        0  heapauxi.o(.text)
    .text                                    0x00003034   Section       12  rt_errno_addr_intlibspace.o(.text)
    .text                                    0x00003040   Section        0  _printf_intcommon.o(.text)
    .text                                    0x000030fc   Section        0  _printf_char_common.o(.text)
    _printf_input_char                       0x000030fd   Thumb Code    10  _printf_char_common.o(.text)
    .text                                    0x0000312c   Section        0  _sputc.o(.text)
    .text                                    0x00003140   Section        0  _printf_char.o(.text)
    .text                                    0x00003174   Section        0  strtol.o(.text)
    .text                                    0x000031ec   Section       44  rtudiv10.o(.text)
    .text                                    0x00003218   Section       12  libspace.o(.text)
    .text                                    0x00003228   Section       24  rt_ctype_table.o(.text)
    .text                                    0x00003240   Section        0  _strtoul.o(.text)
    .text                                    0x000032ec   Section       96  sys_stackheap_outer.o(.text)
    .text                                    0x00003350   Section       12  rt_locale_intlibspace.o(.text)
    .text                                    0x0000335c   Section        0  _chval.o(.text)
    .text                                    0x0000337a   Section        0  exit.o(.text)
    .text                                    0x00003390   Section        0  sys_exit.o(.text)
    .text                                    0x0000339c   Section        4  use_no_semi.o(.text)
    .text                                    0x000033a0   Section        0  indicate_semi.o(.text)
    .text_udiv                               0x000033a0   Section       36  aeabi_sdiv.o(.text_udiv)
    i.__ARM_common_call_via_r1               0x000033c4   Section        0  __printf.o(i.__ARM_common_call_via_r1)
    i.__ARM_common_call_via_r2               0x000033c6   Section        0  __printf.o(i.__ARM_common_call_via_r2)
    locale$$code                             0x000033cc   Section       80  lc_ctype_c.o(locale$$code)
    x$fpl$dcmpinf                            0x0000341c   Section       28  dcmpi.o(x$fpl$dcmpinf)
    x$fpl$dleqf                              0x00003438   Section      148  dleqf.o(x$fpl$dleqf)
    x$fpl$dnaninf                            0x000034cc   Section      192  dnaninf.o(x$fpl$dnaninf)
    x$fpl$dretinf                            0x0000358c   Section       16  dretinf.o(x$fpl$dretinf)
    x$fpl$f2d                                0x0000359c   Section      100  f2d.o(x$fpl$f2d)
    x$fpl$fadd                               0x00003600   Section      196  faddsub_noclz.o(x$fpl$fadd)
    _fadd1                                   0x0000360c   ARM Code       0  faddsub_noclz.o(x$fpl$fadd)
    x$fpl$ffixu                              0x000036c4   Section       84  ffixu.o(x$fpl$ffixu)
    x$fpl$fflt                               0x00003718   Section       92  fflt_noclz.o(x$fpl$fflt)
    x$fpl$ffltu                              0x00003774   Section        8  fflt_noclz.o(x$fpl$ffltu)
    x$fpl$fmul                               0x0000377c   Section      256  fmul.o(x$fpl$fmul)
    x$fpl$fnaninf                            0x0000387c   Section      168  fnaninf.o(x$fpl$fnaninf)
    x$fpl$fretinf                            0x00003924   Section       16  fretinf.o(x$fpl$fretinf)
    x$fpl$frsb                               0x00003934   Section       20  faddsub_noclz.o(x$fpl$frsb)
    x$fpl$fsub                               0x00003948   Section      304  faddsub_noclz.o(x$fpl$fsub)
    _fsub1                                   0x00003954   ARM Code       0  faddsub_noclz.o(x$fpl$fsub)
    x$fpl$usenofp                            0x00003a78   Section        0  usenofp.o(x$fpl$usenofp)
    locale$$data                             0x00003a98   Section      272  lc_ctype_c.o(locale$$data)
    __lcctype_c_name                         0x00003a9c   Data           2  lc_ctype_c.o(locale$$data)
    __lcctype_c_start                        0x00003aa4   Data           0  lc_ctype_c.o(locale$$data)
    __lcctype_c_end                          0x00003ba8   Data           0  lc_ctype_c.o(locale$$data)
    .data                                    0x40000000   Section       16  kpm2.o(.data)
    .data                                    0x40000010   Section       72  main.o(.data)
    .bss                                     0x40000058   Section      100  uart.o(.bss)
    buff                                     0x40000058   Data         100  uart.o(.bss)
    .bss                                     0x400000bc   Section       11  uart1.o(.bss)
    buff                                     0x400000bc   Data          11  uart1.o(.bss)
    .bss                                     0x400000c7   Section       50  main.o(.bss)
    .bss                                     0x400000fc   Section       96  libspace.o(.bss)
    HEAP                                     0x40000160   Section        0  startup.o(HEAP)
    STACK                                    0x40000160   Section     1160  startup.o(STACK)
    Heap_Mem                                 0x40000160   Data           0  startup.o(HEAP)
    Stack_Mem                                0x40000160   Data        1024  startup.o(STACK)
    Stack_Top                                0x400005e8   Data           0  startup.o(STACK)

    Global Symbols

    Symbol Name                              Value     Ov Type        Size  Object(Section)

    BuildAttributes$$THM_ISAv1$ARM_ISAv4$S$PE$A:L22$X:L11$S22$IEEE1$IW$USESV6$~STKCKD$USESV7$~SHL$OSPACE$ROPI$EBA8$UX$STANDARDLIB$REQ8$PRES8$EABIv2 0x00000000   Number         0  anon$$obj.o ABSOLUTE
    __ARM_use_no_argv                        0x00000000   Number         0  main.o ABSOLUTE
    __ARM_exceptions_init                     - Undefined Weak Reference
    __alloca_initialize                       - Undefined Weak Reference
    __cpp_initialize__aeabi_                  - Undefined Weak Reference
    __cxa_finalize                            - Undefined Weak Reference
    __sigvec_lookup                           - Undefined Weak Reference
    _atexit_init                              - Undefined Weak Reference
    _call_atexit_fns                          - Undefined Weak Reference
    _clock_init                               - Undefined Weak Reference
    _fp_trap_init                             - Undefined Weak Reference
    _fp_trap_shutdown                         - Undefined Weak Reference
    _get_lc_collate                           - Undefined Weak Reference
    _get_lc_monetary                          - Undefined Weak Reference
    _get_lc_numeric                           - Undefined Weak Reference
    _get_lc_time                              - Undefined Weak Reference
    _getenv_init                              - Undefined Weak Reference
    _handle_redirection                       - Undefined Weak Reference
    _init_alloc                               - Undefined Weak Reference
    _init_user_alloc                          - Undefined Weak Reference
    _initio                                   - Undefined Weak Reference
    _printf_mbtowc                            - Undefined Weak Reference
    _printf_post_padding                      - Undefined Weak Reference
    _printf_pre_padding                       - Undefined Weak Reference
    _printf_truncate_signed                   - Undefined Weak Reference
    _printf_truncate_unsigned                 - Undefined Weak Reference
    _rand_init                                - Undefined Weak Reference
    _signal_finish                            - Undefined Weak Reference
    _signal_init                              - Undefined Weak Reference
    _terminate_alloc                          - Undefined Weak Reference
    _terminate_user_alloc                     - Undefined Weak Reference
    _terminateio                              - Undefined Weak Reference
    Reset_Handler                            0x00000058   ARM Code       0  startup.o(RESET)
    __main                                   0x00000110   ARM Code       8  __main.o(!!!main)
    __scatterload                            0x00000118   ARM Code       0  __scatter.o(!!!scatter)
    __scatterload_rt2                        0x00000118   ARM Code      52  __scatter.o(!!!scatter)
    __scatterload_null                       0x0000012c   ARM Code       0  __scatter.o(!!!scatter)
    __scatterload_copy                       0x00000154   ARM Code      40  __scatter_copy.o(!!handler_copy)
    __scatterload_zeroinit                   0x0000017c   ARM Code      44  __scatter_zi.o(!!handler_zi)
    Inline Thumb to ARM Veneer to _printf_percent 0x000001a9   Thumb Code     4  _printf_percent.o(.ARM.Collect$$_printf_percent$$00000000)
    _printf_d                                0x000001ac   ARM Code       0  _printf_d.o(.ARM.Collect$$_printf_percent$$00000009)
    _printf_percent                          0x000001ac   ARM Code       0  _printf_percent.o(.ARM.Collect$$_printf_percent$$00000000)
    _printf_c                                0x000001b4   ARM Code       0  _printf_c.o(.ARM.Collect$$_printf_percent$$00000013)
    _printf_percent_end                      0x000001bc   ARM Code       0  _printf_percent_end.o(.ARM.Collect$$_printf_percent$$00000017)
    Inline ARM to Thumb Veneer to __rt_lib_init 0x000001c4   ARM Code       8  libinit.o(.ARM.Collect$$libinit$$00000000)
    __rt_lib_init                            0x000001cd   Thumb Code     0  libinit.o(.ARM.Collect$$libinit$$00000000)
    __rt_lib_init_fp_1                       0x000001cf   Thumb Code     0  libinit2.o(.ARM.Collect$$libinit$$00000002)
    __rt_lib_init_heap_1                     0x000001cf   Thumb Code     0  libinit2.o(.ARM.Collect$$libinit$$00000008)
    __rt_lib_init_lc_common                  0x000001cf   Thumb Code     0  libinit2.o(.ARM.Collect$$libinit$$0000000D)
    __rt_lib_init_rand_1                     0x000001cf   Thumb Code     0  libinit2.o(.ARM.Collect$$libinit$$0000000C)
    __rt_lib_init_user_alloc_1               0x000001cf   Thumb Code     0  libinit2.o(.ARM.Collect$$libinit$$0000000A)
    __rt_lib_init_lc_collate_1               0x000001d5   Thumb Code     0  libinit2.o(.ARM.Collect$$libinit$$0000000F)
    __rt_lib_init_lc_ctype_2                 0x000001d5   Thumb Code     0  libinit2.o(.ARM.Collect$$libinit$$00000010)
    __rt_lib_init_alloca_1                   0x000001e1   Thumb Code     0  libinit2.o(.ARM.Collect$$libinit$$0000002C)
    __rt_lib_init_argv_1                     0x000001e1   Thumb Code     0  libinit2.o(.ARM.Collect$$libinit$$0000002A)
    __rt_lib_init_atexit_1                   0x000001e1   Thumb Code     0  libinit2.o(.ARM.Collect$$libinit$$00000019)
    __rt_lib_init_clock_1                    0x000001e1   Thumb Code     0  libinit2.o(.ARM.Collect$$libinit$$0000001F)
    __rt_lib_init_cpp_1                      0x000001e1   Thumb Code     0  libinit2.o(.ARM.Collect$$libinit$$00000030)
    __rt_lib_init_exceptions_1               0x000001e1   Thumb Code     0  libinit2.o(.ARM.Collect$$libinit$$0000002E)
    __rt_lib_init_fp_trap_1                  0x000001e1   Thumb Code     0  libinit2.o(.ARM.Collect$$libinit$$0000001D)
    __rt_lib_init_getenv_1                   0x000001e1   Thumb Code     0  libinit2.o(.ARM.Collect$$libinit$$00000021)
    __rt_lib_init_lc_ctype_1                 0x000001e1   Thumb Code     0  libinit2.o(.ARM.Collect$$libinit$$00000011)
    __rt_lib_init_lc_monetary_1              0x000001e1   Thumb Code     0  libinit2.o(.ARM.Collect$$libinit$$00000013)
    __rt_lib_init_lc_numeric_1               0x000001e1   Thumb Code     0  libinit2.o(.ARM.Collect$$libinit$$00000015)
    __rt_lib_init_lc_time_1                  0x000001e1   Thumb Code     0  libinit2.o(.ARM.Collect$$libinit$$00000017)
    __rt_lib_init_return                     0x000001e1   Thumb Code     0  libinit2.o(.ARM.Collect$$libinit$$00000031)
    __rt_lib_init_signal_1                   0x000001e1   Thumb Code     0  libinit2.o(.ARM.Collect$$libinit$$0000001B)
    __rt_lib_init_stdio_1                    0x000001e1   Thumb Code     0  libinit2.o(.ARM.Collect$$libinit$$00000023)
    Inline ARM to Thumb Veneer to __rt_lib_shutdown 0x000001ec   ARM Code       8  libshutdown.o(.ARM.Collect$$libshutdown$$00000000)
    __rt_lib_shutdown                        0x000001f5   Thumb Code     0  libshutdown.o(.ARM.Collect$$libshutdown$$00000000)
    __rt_lib_shutdown_fp_trap_1              0x000001f9   Thumb Code     0  libshutdown2.o(.ARM.Collect$$libshutdown$$00000006)
    __rt_lib_shutdown_heap_1                 0x000001f9   Thumb Code     0  libshutdown2.o(.ARM.Collect$$libshutdown$$0000000E)
    __rt_lib_shutdown_return                 0x000001f9   Thumb Code     0  libshutdown2.o(.ARM.Collect$$libshutdown$$0000000F)
    __rt_lib_shutdown_signal_1               0x000001f9   Thumb Code     0  libshutdown2.o(.ARM.Collect$$libshutdown$$00000009)
    __rt_lib_shutdown_stdio_1                0x000001f9   Thumb Code     0  libshutdown2.o(.ARM.Collect$$libshutdown$$00000003)
    __rt_lib_shutdown_user_alloc_1           0x000001f9   Thumb Code     0  libshutdown2.o(.ARM.Collect$$libshutdown$$0000000B)
    __rt_entry                               0x00000200   ARM Code       0  rtentry.o(.ARM.Collect$$rtentry$$00000000)
    __rt_entry_presh_1                       0x00000200   ARM Code       0  rtentry2.o(.ARM.Collect$$rtentry$$00000002)
    __rt_entry_sh                            0x00000200   ARM Code       0  rtentry4.o(.ARM.Collect$$rtentry$$00000004)
    __rt_entry_li                            0x00000208   ARM Code       0  rtentry2.o(.ARM.Collect$$rtentry$$0000000A)
    __rt_entry_postsh_1                      0x00000208   ARM Code       0  rtentry2.o(.ARM.Collect$$rtentry$$00000009)
    __rt_entry_main                          0x0000020c   ARM Code       0  rtentry2.o(.ARM.Collect$$rtentry$$0000000D)
    __rt_entry_postli_1                      0x0000020c   ARM Code       0  rtentry2.o(.ARM.Collect$$rtentry$$0000000C)
    Inline Thumb to ARM Veneer to __rt_exit  0x00000235   Thumb Code     4  rtexit.o(.ARM.Collect$$rtexit$$00000000)
    __rt_exit                                0x00000238   ARM Code       0  rtexit.o(.ARM.Collect$$rtexit$$00000000)
    __rt_exit_ls                             0x0000023c   ARM Code       0  rtexit2.o(.ARM.Collect$$rtexit$$00000003)
    __rt_exit_prels_1                        0x0000023c   ARM Code       0  rtexit2.o(.ARM.Collect$$rtexit$$00000002)
    __rt_exit_exit                           0x00000240   ARM Code       0  rtexit2.o(.ARM.Collect$$rtexit$$00000004)
    __user_initial_stackheap                 0x00000248   ARM Code       0  startup.o(.text)
    InitUART0                                0x00000268   ARM Code      68  uart.o(.text)
    U0_TxChar                                0x000002ac   ARM Code      36  uart.o(.text)
    U0_RxChar                                0x000002d0   ARM Code      32  uart.o(.text)
    U0_TxStr                                 0x000002f0   ARM Code      48  uart.o(.text)
    U0_TxU32                                 0x00000320   ARM Code     124  uart.o(.text)
    U0_TxS32                                 0x0000039c   ARM Code      44  uart.o(.text)
    U0_TxF32                                 0x000003c8   ARM Code     168  uart.o(.text)
    U0_RxStr                                 0x00000470   ARM Code     104  uart.o(.text)
    WriteLCD                                 0x000004e8   ARM Code      84  lcd.o(.text)
    CmdLCD                                   0x0000053c   ARM Code      36  lcd.o(.text)
    CharLCD                                  0x00000560   ARM Code      36  lcd.o(.text)
    InitLCD                                  0x00000584   ARM Code     140  lcd.o(.text)
    StrLCD                                   0x00000610   ARM Code      40  lcd.o(.text)
    ClearLineLCD                             0x00000638   ARM Code     136  lcd.o(.text)
    PrintLCD                                 0x000006c0   ARM Code     144  lcd.o(.text)
    U32LCD                                   0x00000750   ARM Code     124  lcd.o(.text)
    U64LCD                                   0x000007cc   ARM Code     232  lcd.o(.text)
    S32LCD                                   0x000008b4   ARM Code      44  lcd.o(.text)
    F32LCD                                   0x000008e0   ARM Code     168  lcd.o(.text)
    HexLCD                                   0x00000988   ARM Code     128  lcd.o(.text)
    BinLCD                                   0x00000a08   ARM Code      56  lcd.o(.text)
    BuildCGRAM                               0x00000a40   ARM Code      64  lcd.o(.text)
    ColScan                                  0x00000a84   ARM Code      40  kpm2.o(.text)
    InitKPM                                  0x00000aac   ARM Code      24  kpm2.o(.text)
    RowCheck                                 0x00000ac4   ARM Code     104  kpm2.o(.text)
    ColCheck                                 0x00000b2c   ARM Code      56  kpm2.o(.text)
    KeyScan                                  0x00000b64   ARM Code      56  kpm2.o(.text)
    kpm_input                                0x00000b9c   ARM Code     500  kpm2.o(.text)
    delay_us                                 0x00000e08   ARM Code      28  delay.o(.text)
    delay_ms                                 0x00000e24   ARM Code      28  delay.o(.text)
    delay_s                                  0x00000e40   ARM Code      28  delay.o(.text)
    UART0_isr                                0x00000e64   ARM Code     208  interrupt.o(.text)
    ClearBufferUART                          0x00000f34   ARM Code      80  interrupt.o(.text)
    UART1_isr                                0x00000f84   ARM Code     208  interrupt.o(.text)
    entry_isr                                0x00001054   ARM Code      72  interrupt.o(.text)
    del_isr                                  0x0000109c   ARM Code      76  interrupt.o(.text)
    exit_isr                                 0x000010e8   ARM Code      72  interrupt.o(.text)
    Init_UARTINT                             0x00001130   ARM Code      24  interrupt.o(.text)
    InitINT                                  0x00001148   ARM Code     172  interrupt.o(.text)
    Enable_U1INT                             0x000011f4   ARM Code      24  interrupt.o(.text)
    Disable_U1INT                            0x0000120c   ARM Code      24  interrupt.o(.text)
    InitUART1                                0x0000125c   ARM Code      68  uart1.o(.text)
    U1_TxChar                                0x000012a0   ARM Code      36  uart1.o(.text)
    U1_RxChar                                0x000012c4   ARM Code      32  uart1.o(.text)
    U1_TxStr                                 0x000012e4   ARM Code      48  uart1.o(.text)
    U1_TxU32                                 0x00001314   ARM Code     124  uart1.o(.text)
    U1_TxS32                                 0x00001390   ARM Code      44  uart1.o(.text)
    U1_TxF32                                 0x000013bc   ARM Code     168  uart1.o(.text)
    U1_RxStr                                 0x00001464   ARM Code     104  uart1.o(.text)
    main                                     0x000014dc   ARM Code    2264  main.o(.text)
    ID_Check_n_Modify                        0x00001dc4   ARM Code     160  myfuncs.o(.text)
    atm_pc_wait                              0x00001e64   ARM Code     156  myfuncs.o(.text)
    getbillfrompc                            0x00001f00   ARM Code      36  myfuncs.o(.text)
    cash_mode                                0x00001f24   ARM Code     340  myfuncs.o(.text)
    cancelled                                0x00002078   ARM Code     328  myfuncs.o(.text)
    wrongatm                                 0x000021c0   ARM Code      64  myfuncs.o(.text)
    blocked                                  0x00002200   ARM Code      52  myfuncs.o(.text)
    failed                                   0x00002234   ARM Code      52  myfuncs.o(.text)
    success                                  0x00002268   ARM Code      52  myfuncs.o(.text)
    passverify                               0x0000229c   ARM Code     428  myfuncs.o(.text)
    atm_recv_wait                            0x00002448   ARM Code      92  myfuncs.o(.text)
    card_mode                                0x000024a4   ARM Code     656  myfuncs.o(.text)
    disp_proj_name                           0x00002734   ARM Code      52  myfuncs.o(.text)
    entry_recv_wait                          0x00002768   ARM Code      92  myfuncs.o(.text)
    del_recv_wait                            0x000027c4   ARM Code      92  myfuncs.o(.text)
    entry_pc_wait                            0x00002820   ARM Code      92  myfuncs.o(.text)
    del_pc_wait                              0x0000287c   ARM Code      92  myfuncs.o(.text)
    mystrmove                                0x000028d8   ARM Code     104  myfuncs.o(.text)
    __aeabi_uldivmod                         0x00002940   ARM Code       0  lludiv.o(.text)
    _ll_udiv                                 0x00002940   ARM Code     720  lludiv.o(.text)
    _ll_udiv_donemoving                      0x00002954   ARM Code       0  lludiv.o(.text)
    Inline ARM to Thumb Veneer to __2sprintf 0x00002c10   ARM Code       8  noretval__2sprintf.o(.text)
    __2sprintf                               0x00002c19   Thumb Code    36  noretval__2sprintf.o(.text)
    __printf                                 0x00002c41   Thumb Code   118  __printf.o(.text)
    _printf_str                              0x00002cb7   Thumb Code    88  _printf_str.o(.text)
    Inline ARM to Thumb Veneer to _printf_int_dec 0x00002d10   ARM Code       8  _printf_dec.o(.text)
    _printf_int_dec                          0x00002d19   Thumb Code    94  _printf_dec.o(.text)
    Inline ARM to Thumb Veneer to atoi       0x00002d88   ARM Code       8  atoi.o(.text)
    atoi                                     0x00002d91   Thumb Code    30  atoi.o(.text)
    Inline ARM to Thumb Veneer to strcpy     0x00002db0   ARM Code       8  strcpy.o(.text)
    strcpy                                   0x00002db9   Thumb Code    74  strcpy.o(.text)
    strcmp                                   0x00002e08   ARM Code     156  strcmp.o(.text)
    __aeabi_idiv                             0x00002ea8   ARM Code       0  aeabi_sdiv.o(.text)
    __aeabi_idivmod                          0x00002ea8   ARM Code     384  aeabi_sdiv.o(.text)
    __use_two_region_memory                  0x00003029   Thumb Code     2  heapauxi.o(.text)
    __rt_heap_escrow$2region                 0x0000302b   Thumb Code     2  heapauxi.o(.text)
    __rt_heap_expand$2region                 0x0000302d   Thumb Code     2  heapauxi.o(.text)
    Inline Thumb to ARM Veneer to __aeabi_errno_addr 0x00003031   Thumb Code     4  rt_errno_addr_intlibspace.o(.text)
    __aeabi_errno_addr                       0x00003034   ARM Code      12  rt_errno_addr_intlibspace.o(.text)
    __errno$intlibspace                      0x00003034   ARM Code       0  rt_errno_addr_intlibspace.o(.text)
    __rt_errno_addr$intlibspace              0x00003034   ARM Code       0  rt_errno_addr_intlibspace.o(.text)
    _printf_int_common                       0x00003041   Thumb Code   186  _printf_intcommon.o(.text)
    _printf_char_common                      0x00003107   Thumb Code    34  _printf_char_common.o(.text)
    _sputc                                   0x0000312d   Thumb Code    10  _sputc.o(.text)
    Inline ARM to Thumb Veneer to _printf_char 0x00003138   ARM Code       8  _printf_char.o(.text)
    _printf_cs_common                        0x00003141   Thumb Code    26  _printf_char.o(.text)
    _printf_char                             0x0000315b   Thumb Code    16  _printf_char.o(.text)
    _printf_string                           0x0000316b   Thumb Code     8  _printf_char.o(.text)
    strtol                                   0x00003175   Thumb Code   112  strtol.o(.text)
    Inline Thumb to ARM Veneer to __rt_udiv10 0x000031e9   Thumb Code     4  rtudiv10.o(.text)
    __rt_udiv10                              0x000031ec   ARM Code      44  rtudiv10.o(.text)
    __user_libspace                          0x00003218   ARM Code      12  libspace.o(.text)
    __user_perproc_libspace                  0x00003218   ARM Code       0  libspace.o(.text)
    __user_perthread_libspace                0x00003218   ARM Code       0  libspace.o(.text)
    Inline Thumb to ARM Veneer to __rt_ctype_table 0x00003225   Thumb Code     4  rt_ctype_table.o(.text)
    __rt_ctype_table                         0x00003228   ARM Code      24  rt_ctype_table.o(.text)
    _strtoul                                 0x00003241   Thumb Code   172  _strtoul.o(.text)
    __user_setup_stackheap                   0x000032ec   ARM Code      96  sys_stackheap_outer.o(.text)
    Inline Thumb to ARM Veneer to __rt_locale 0x0000334d   Thumb Code     4  rt_locale_intlibspace.o(.text)
    __rt_locale                              0x00003350   ARM Code      12  rt_locale_intlibspace.o(.text)
    _chval                                   0x0000335d   Thumb Code    30  _chval.o(.text)
    exit                                     0x0000337b   Thumb Code    12  exit.o(.text)
    Inline ARM to Thumb Veneer to _sys_exit  0x00003388   ARM Code       8  sys_exit.o(.text)
    _sys_exit                                0x00003391   Thumb Code     8  sys_exit.o(.text)
    __I$use$semihosting                      0x0000339c   ARM Code       0  use_no_semi.o(.text)
    __use_no_semihosting_swi                 0x0000339c   ARM Code       4  use_no_semi.o(.text)
    __aeabi_uidiv                            0x000033a0   ARM Code       0  aeabi_sdiv.o(.text_udiv)
    __aeabi_uidivmod                         0x000033a0   ARM Code      36  aeabi_sdiv.o(.text_udiv)
    __semihosting_library_function           0x000033a0   ARM Code       0  indicate_semi.o(.text)
    __ARM_common_call_via_r1                 0x000033c5   Thumb Code     2  __printf.o(i.__ARM_common_call_via_r1)
    __ARM_common_call_via_r2                 0x000033c7   Thumb Code     2  __printf.o(i.__ARM_common_call_via_r2)
    Inline Thumb to ARM Veneer to _get_lc_ctype 0x000033c9   Thumb Code     4  lc_ctype_c.o(locale$$code)
    _get_lc_ctype                            0x000033cc   ARM Code      80  lc_ctype_c.o(locale$$code)
    __fpl_dcmp_Inf                           0x0000341c   ARM Code      28  dcmpi.o(x$fpl$dcmpinf)
    __aeabi_cdcmple                          0x00003438   ARM Code       0  dleqf.o(x$fpl$dleqf)
    _dcmple                                  0x00003438   ARM Code     148  dleqf.o(x$fpl$dleqf)
    __fpl_dcmple_InfNaN                      0x000034b4   ARM Code       0  dleqf.o(x$fpl$dleqf)
    __fpl_dnaninf                            0x000034cc   ARM Code     192  dnaninf.o(x$fpl$dnaninf)
    __fpl_dretinf                            0x0000358c   ARM Code      16  dretinf.o(x$fpl$dretinf)
    __aeabi_f2d                              0x0000359c   ARM Code       0  f2d.o(x$fpl$f2d)
    _f2d                                     0x0000359c   ARM Code     100  f2d.o(x$fpl$f2d)
    __aeabi_fadd                             0x00003600   ARM Code       0  faddsub_noclz.o(x$fpl$fadd)
    _fadd                                    0x00003600   ARM Code     196  faddsub_noclz.o(x$fpl$fadd)
    __aeabi_f2uiz                            0x000036c4   ARM Code       0  ffixu.o(x$fpl$ffixu)
    _ffixu                                   0x000036c4   ARM Code      84  ffixu.o(x$fpl$ffixu)
    __aeabi_i2f                              0x00003718   ARM Code       0  fflt_noclz.o(x$fpl$fflt)
    _fflt                                    0x00003718   ARM Code      92  fflt_noclz.o(x$fpl$fflt)
    __fflt_normalise                         0x00003724   ARM Code       0  fflt_noclz.o(x$fpl$fflt)
    __aeabi_ui2f                             0x00003774   ARM Code       0  fflt_noclz.o(x$fpl$ffltu)
    _ffltu                                   0x00003774   ARM Code       8  fflt_noclz.o(x$fpl$ffltu)
    __aeabi_fmul                             0x0000377c   ARM Code       0  fmul.o(x$fpl$fmul)
    _fmul                                    0x0000377c   ARM Code     256  fmul.o(x$fpl$fmul)
    __fpl_fnaninf                            0x0000387c   ARM Code     168  fnaninf.o(x$fpl$fnaninf)
    __fpl_fretinf                            0x00003924   ARM Code      16  fretinf.o(x$fpl$fretinf)
    __aeabi_frsub                            0x00003934   ARM Code       0  faddsub_noclz.o(x$fpl$frsb)
    _frsb                                    0x00003934   ARM Code      20  faddsub_noclz.o(x$fpl$frsb)
    __aeabi_fsub                             0x00003948   ARM Code       0  faddsub_noclz.o(x$fpl$fsub)
    _fsub                                    0x00003948   ARM Code     304  faddsub_noclz.o(x$fpl$fsub)
    Region$$Table$$Base                      0x00003a78   Number         0  anon$$obj.o(Region$$Table)
    __I$use$fp                               0x00003a78   Number         0  usenofp.o(x$fpl$usenofp)
    Region$$Table$$Limit                     0x00003a98   Number         0  anon$$obj.o(Region$$Table)
    __ctype                                  0x00003aa5   Data           0  lc_ctype_c.o(locale$$data)
    kpmLUT                                   0x40000000   Data          16  kpm2.o(.data)
    pass                                     0x40000010   Data           4  main.o(.data)
    chances                                  0x40000014   Data           4  main.o(.data)
    backflag                                 0x40000018   Data           4  main.o(.data)
    uflag0                                   0x4000001c   Data           1  main.o(.data)
    uflag1                                   0x4000001d   Data           1  main.o(.data)
    entryflag                                0x4000001e   Data           1  main.o(.data)
    exitflag                                 0x4000001f   Data           1  main.o(.data)
    delflag                                  0x40000020   Data           1  main.o(.data)
    flag                                     0x40000021   Data           1  main.o(.data)
    ID                                       0x40000022   Data          30  main.o(.data)
    bill                                     0x40000040   Data           4  main.o(.data)
    i                                        0x40000044   Data           4  main.o(.data)
    t                                        0x40000048   Data           4  main.o(.data)
    Amt                                      0x4000004c   Data           4  main.o(.data)
    key                                      0x40000050   Data           1  main.o(.data)
    dummy                                    0x40000051   Data           1  main.o(.data)
    ch                                       0x40000052   Data           1  main.o(.data)
    u1                                       0x40000053   Data           1  main.o(.data)
    p                                        0x40000054   Data           4  main.o(.data)
    PASS                                     0x400000c7   Data          10  main.o(.bss)
    BILL                                     0x400000d1   Data          10  main.o(.bss)
    DUMMY                                    0x400000db   Data          30  main.o(.bss)
    __libspace_start                         0x400000fc   Data          96  libspace.o(.bss)
    __temporary_stack_top$libspace           0x4000015c   Data           0  libspace.o(.bss)



==============================================================================

Memory Map of the image

  Image Entry point : 0x00000110

  Load Region LR_IROM1 (Base: 0x00000000, Size: 0x00003c00, Max: 0x00080000, ABSOLUTE)

    Execution Region ER_IROM1 (Base: 0x00000000, Size: 0x00003ba8, Max: 0x00080000, ABSOLUTE)

    Base Addr    Size         Type   Attr      Idx    E Section Name        Object

    0x00000000   0x00000110   Code   RO            3    RESET               startup.o
    0x00000110   0x00000008   Code   RO          228  * !!!main             c_t.l(__main.o)
    0x00000118   0x0000003c   Code   RO          465    !!!scatter          c_t.l(__scatter.o)
    0x00000154   0x00000028   Code   RO          467    !!handler_copy      c_t.l(__scatter_copy.o)
    0x0000017c   0x0000002c   Code   RO          469    !!handler_zi        c_t.l(__scatter_zi.o)
    0x000001a8   0x00000004   Ven    RO          203    .ARM.Collect$$_printf_percent$$00000000  c_t.l(_printf_percent.o)
    0x000001ac   0x00000000   Code   RO          203    .ARM.Collect$$_printf_percent$$00000000  c_t.l(_printf_percent.o)
    0x000001ac   0x00000008   Code   RO          202    .ARM.Collect$$_printf_percent$$00000009  c_t.l(_printf_d.o)
    0x000001b4   0x00000008   Code   RO          201    .ARM.Collect$$_printf_percent$$00000013  c_t.l(_printf_c.o)
    0x000001bc   0x00000008   Code   RO          272    .ARM.Collect$$_printf_percent$$00000017  c_t.l(_printf_percent_end.o)
    0x000001c4   0x00000008   Ven    RO          341    .ARM.Collect$$libinit$$00000000  c_t.l(libinit.o)
    0x000001cc   0x00000002   Code   RO          341    .ARM.Collect$$libinit$$00000000  c_t.l(libinit.o)
    0x000001ce   0x00000000   Code   RO          351    .ARM.Collect$$libinit$$00000002  c_t.l(libinit2.o)
    0x000001ce   0x00000000   Code   RO          354    .ARM.Collect$$libinit$$00000008  c_t.l(libinit2.o)
    0x000001ce   0x00000000   Code   RO          356    .ARM.Collect$$libinit$$0000000A  c_t.l(libinit2.o)
    0x000001ce   0x00000000   Code   RO          358    .ARM.Collect$$libinit$$0000000C  c_t.l(libinit2.o)
    0x000001ce   0x00000006   Code   RO          359    .ARM.Collect$$libinit$$0000000D  c_t.l(libinit2.o)
    0x000001d4   0x00000000   Code   RO          361    .ARM.Collect$$libinit$$0000000F  c_t.l(libinit2.o)
    0x000001d4   0x0000000c   Code   RO          362    .ARM.Collect$$libinit$$00000010  c_t.l(libinit2.o)
    0x000001e0   0x00000000   Code   RO          363    .ARM.Collect$$libinit$$00000011  c_t.l(libinit2.o)
    0x000001e0   0x00000000   Code   RO          365    .ARM.Collect$$libinit$$00000013  c_t.l(libinit2.o)
    0x000001e0   0x00000000   Code   RO          367    .ARM.Collect$$libinit$$00000015  c_t.l(libinit2.o)
    0x000001e0   0x00000000   Code   RO          369    .ARM.Collect$$libinit$$00000017  c_t.l(libinit2.o)
    0x000001e0   0x00000000   Code   RO          371    .ARM.Collect$$libinit$$00000019  c_t.l(libinit2.o)
    0x000001e0   0x00000000   Code   RO          373    .ARM.Collect$$libinit$$0000001B  c_t.l(libinit2.o)
    0x000001e0   0x00000000   Code   RO          375    .ARM.Collect$$libinit$$0000001D  c_t.l(libinit2.o)
    0x000001e0   0x00000000   Code   RO          377    .ARM.Collect$$libinit$$0000001F  c_t.l(libinit2.o)
    0x000001e0   0x00000000   Code   RO          379    .ARM.Collect$$libinit$$00000021  c_t.l(libinit2.o)
    0x000001e0   0x00000000   Code   RO          381    .ARM.Collect$$libinit$$00000023  c_t.l(libinit2.o)
    0x000001e0   0x00000000   Code   RO          385    .ARM.Collect$$libinit$$0000002A  c_t.l(libinit2.o)
    0x000001e0   0x00000000   Code   RO          387    .ARM.Collect$$libinit$$0000002C  c_t.l(libinit2.o)
    0x000001e0   0x00000000   Code   RO          389    .ARM.Collect$$libinit$$0000002E  c_t.l(libinit2.o)
    0x000001e0   0x00000000   Code   RO          391    .ARM.Collect$$libinit$$00000030  c_t.l(libinit2.o)
    0x000001e0   0x0000000c   Code   RO          392    .ARM.Collect$$libinit$$00000031  c_t.l(libinit2.o)
    0x000001ec   0x00000008   Ven    RO          423    .ARM.Collect$$libshutdown$$00000000  c_t.l(libshutdown.o)
    0x000001f4   0x00000004   Code   RO          423    .ARM.Collect$$libshutdown$$00000000  c_t.l(libshutdown.o)
    0x000001f8   0x00000000   Code   RO          450    .ARM.Collect$$libshutdown$$00000003  c_t.l(libshutdown2.o)
    0x000001f8   0x00000000   Code   RO          453    .ARM.Collect$$libshutdown$$00000006  c_t.l(libshutdown2.o)
    0x000001f8   0x00000000   Code   RO          456    .ARM.Collect$$libshutdown$$00000009  c_t.l(libshutdown2.o)
    0x000001f8   0x00000000   Code   RO          458    .ARM.Collect$$libshutdown$$0000000B  c_t.l(libshutdown2.o)
    0x000001f8   0x00000000   Code   RO          461    .ARM.Collect$$libshutdown$$0000000E  c_t.l(libshutdown2.o)
    0x000001f8   0x00000006   Code   RO          462    .ARM.Collect$$libshutdown$$0000000F  c_t.l(libshutdown2.o)
    0x000001fe   0x00000002   PAD
    0x00000200   0x00000000   Code   RO          250    .ARM.Collect$$rtentry$$00000000  c_t.l(rtentry.o)
    0x00000200   0x00000000   Code   RO          292    .ARM.Collect$$rtentry$$00000002  c_t.l(rtentry2.o)
    0x00000200   0x00000008   Code   RO          304    .ARM.Collect$$rtentry$$00000004  c_t.l(rtentry4.o)
    0x00000208   0x00000000   Code   RO          294    .ARM.Collect$$rtentry$$00000009  c_t.l(rtentry2.o)
    0x00000208   0x00000004   Code   RO          295    .ARM.Collect$$rtentry$$0000000A  c_t.l(rtentry2.o)
    0x0000020c   0x00000000   Code   RO          297    .ARM.Collect$$rtentry$$0000000C  c_t.l(rtentry2.o)
    0x0000020c   0x00000028   Code   RO          298    .ARM.Collect$$rtentry$$0000000D  c_t.l(rtentry2.o)
    0x00000234   0x00000004   Ven    RO          342    .ARM.Collect$$rtexit$$00000000  c_t.l(rtexit.o)
    0x00000238   0x00000004   Code   RO          342    .ARM.Collect$$rtexit$$00000000  c_t.l(rtexit.o)
    0x0000023c   0x00000000   Code   RO          396    .ARM.Collect$$rtexit$$00000002  c_t.l(rtexit2.o)
    0x0000023c   0x00000004   Code   RO          397    .ARM.Collect$$rtexit$$00000003  c_t.l(rtexit2.o)
    0x00000240   0x00000008   Code   RO          398    .ARM.Collect$$rtexit$$00000004  c_t.l(rtexit2.o)
    0x00000248   0x00000020   Code   RO            4    .text               startup.o
    0x00000268   0x00000280   Code   RO           11    .text               uart.o
    0x000004e8   0x0000059c   Code   RO           36    .text               lcd.o
    0x00000a84   0x00000384   Code   RO           51    .text               kpm2.o
    0x00000e08   0x0000005c   Code   RO           70    .text               delay.o
    0x00000e64   0x000003f8   Code   RO           84    .text               interrupt.o
    0x0000125c   0x00000280   Code   RO          103    .text               uart1.o
    0x000014dc   0x000008e8   Code   RO          116    .text               main.o
    0x00001dc4   0x00000b7c   Code   RO          150    .text               myfuncs.o
    0x00002940   0x000002d0   Code   RO          165    .text               c_t.l(lludiv.o)
    0x00002c10   0x00000008   Ven    RO          169    .text               c_t.l(noretval__2sprintf.o)
    0x00002c18   0x00000028   Code   RO          169    .text               c_t.l(noretval__2sprintf.o)
    0x00002c40   0x00000076   Code   RO          171    .text               c_t.l(__printf.o)
    0x00002cb6   0x00000058   Code   RO          177    .text               c_t.l(_printf_str.o)
    0x00002d0e   0x00000002   PAD
    0x00002d10   0x00000008   Ven    RO          179    .text               c_t.l(_printf_dec.o)
    0x00002d18   0x00000070   Code   RO          179    .text               c_t.l(_printf_dec.o)
    0x00002d88   0x00000008   Ven    RO          204    .text               c_t.l(atoi.o)
    0x00002d90   0x0000001e   Code   RO          204    .text               c_t.l(atoi.o)
    0x00002dae   0x00000002   PAD
    0x00002db0   0x00000008   Ven    RO          206    .text               c_t.l(strcpy.o)
    0x00002db8   0x00000050   Code   RO          206    .text               c_t.l(strcpy.o)
    0x00002e08   0x000000a0   Code   RO          208    .text               c_t.l(strcmp.o)
    0x00002ea8   0x00000180   Code   RO          210    .text               c_t.l(aeabi_sdiv.o)
    0x00003028   0x00000006   Code   RO          226    .text               c_t.l(heapauxi.o)
    0x0000302e   0x00000002   PAD
    0x00003030   0x00000004   Ven    RO          262    .text               c_t.l(rt_errno_addr_intlibspace.o)
    0x00003034   0x0000000c   Code   RO          262    .text               c_t.l(rt_errno_addr_intlibspace.o)
    0x00003040   0x000000ba   Code   RO          264    .text               c_t.l(_printf_intcommon.o)
    0x000030fa   0x00000002   PAD
    0x000030fc   0x00000030   Code   RO          266    .text               c_t.l(_printf_char_common.o)
    0x0000312c   0x0000000a   Code   RO          268    .text               c_t.l(_sputc.o)
    0x00003136   0x00000002   PAD
    0x00003138   0x00000008   Ven    RO          270    .text               c_t.l(_printf_char.o)
    0x00003140   0x00000032   Code   RO          270    .text               c_t.l(_printf_char.o)
    0x00003172   0x00000002   PAD
    0x00003174   0x00000074   Code   RO          273    .text               c_t.l(strtol.o)
    0x000031e8   0x00000004   Ven    RO          275    .text               c_t.l(rtudiv10.o)
    0x000031ec   0x0000002c   Code   RO          275    .text               c_t.l(rtudiv10.o)
    0x00003218   0x0000000c   Code   RO          288    .text               c_t.l(libspace.o)
    0x00003224   0x00000004   Ven    RO          306    .text               c_t.l(rt_ctype_table.o)
    0x00003228   0x00000018   Code   RO          306    .text               c_t.l(rt_ctype_table.o)
    0x00003240   0x000000ac   Code   RO          316    .text               c_t.l(_strtoul.o)
    0x000032ec   0x00000060   Code   RO          318    .text               c_t.l(sys_stackheap_outer.o)
    0x0000334c   0x00000004   Ven    RO          323    .text               c_t.l(rt_locale_intlibspace.o)
    0x00003350   0x0000000c   Code   RO          323    .text               c_t.l(rt_locale_intlibspace.o)
    0x0000335c   0x0000001e   Code   RO          325    .text               c_t.l(_chval.o)
    0x0000337a   0x0000000c   Code   RO          330    .text               c_t.l(exit.o)
    0x00003386   0x00000002   PAD
    0x00003388   0x00000008   Ven    RO          393    .text               c_t.l(sys_exit.o)
    0x00003390   0x0000000c   Code   RO          393    .text               c_t.l(sys_exit.o)
    0x0000339c   0x00000004   Code   RO          412    .text               c_t.l(use_no_semi.o)
    0x000033a0   0x00000000   Code   RO          414    .text               c_t.l(indicate_semi.o)
    0x000033a0   0x00000024   Code   RO          211    .text_udiv          c_t.l(aeabi_sdiv.o)
    0x000033c4   0x00000002   Code   RO          175    i.__ARM_common_call_via_r1  c_t.l(__printf.o)
    0x000033c6   0x00000002   Code   RO          173    i.__ARM_common_call_via_r2  c_t.l(__printf.o)
    0x000033c8   0x00000004   Ven    RO          328    locale$$code        c_t.l(lc_ctype_c.o)
    0x000033cc   0x00000050   Code   RO          328    locale$$code        c_t.l(lc_ctype_c.o)
    0x0000341c   0x0000001c   Code   RO          277    x$fpl$dcmpinf       fz_ts.l(dcmpi.o)
    0x00003438   0x00000094   Code   RO          230    x$fpl$dleqf         fz_ts.l(dleqf.o)
    0x000034cc   0x000000c0   Code   RO          279    x$fpl$dnaninf       fz_ts.l(dnaninf.o)
    0x0000358c   0x00000010   Code   RO          281    x$fpl$dretinf       fz_ts.l(dretinf.o)
    0x0000359c   0x00000064   Code   RO          232    x$fpl$f2d           fz_ts.l(f2d.o)
    0x00003600   0x000000c4   Code   RO          234    x$fpl$fadd          fz_ts.l(faddsub_noclz.o)
    0x000036c4   0x00000054   Code   RO          240    x$fpl$ffixu         fz_ts.l(ffixu.o)
    0x00003718   0x0000005c   Code   RO          245    x$fpl$fflt          fz_ts.l(fflt_noclz.o)
    0x00003774   0x00000008   Code   RO          244    x$fpl$ffltu         fz_ts.l(fflt_noclz.o)
    0x0000377c   0x00000100   Code   RO          248    x$fpl$fmul          fz_ts.l(fmul.o)
    0x0000387c   0x000000a8   Code   RO          283    x$fpl$fnaninf       fz_ts.l(fnaninf.o)
    0x00003924   0x00000010   Code   RO          285    x$fpl$fretinf       fz_ts.l(fretinf.o)
    0x00003934   0x00000014   Code   RO          235    x$fpl$frsb          fz_ts.l(faddsub_noclz.o)
    0x00003948   0x00000130   Code   RO          236    x$fpl$fsub          fz_ts.l(faddsub_noclz.o)
    0x00003a78   0x00000000   Code   RO          287    x$fpl$usenofp       fz_ts.l(usenofp.o)
    0x00003a78   0x00000020   Data   RO          463    Region$$Table       anon$$obj.o
    0x00003a98   0x00000110   Data   RO          327    locale$$data        c_t.l(lc_ctype_c.o)


    Execution Region RW_IRAM1 (Base: 0x40000000, Size: 0x000005e8, Max: 0x00008000, ABSOLUTE)

    Base Addr    Size         Type   Attr      Idx    E Section Name        Object

    0x40000000   0x00000010   Data   RW           52    .data               kpm2.o
    0x40000010   0x00000048   Data   RW          118    .data               main.o
    0x40000058   0x00000064   Zero   RW           12    .bss                uart.o
    0x400000bc   0x0000000b   Zero   RW          104    .bss                uart1.o
    0x400000c7   0x00000032   Zero   RW          117    .bss                main.o
    0x400000f9   0x00000003   PAD
    0x400000fc   0x00000060   Zero   RW          289    .bss                c_t.l(libspace.o)
    0x4000015c   0x00000004   PAD
    0x40000160   0x00000000   Zero   RW            2    HEAP                startup.o
    0x40000160   0x00000488   Zero   RW            1    STACK               startup.o


==============================================================================

Image component sizes


      Code (inc. data)   RO Data    RW Data    ZI Data      Debug   Object Name

        92          8          0          0          0        968   delay.o
      1016         56          0          0          0       1817   interrupt.o
       900        120          0         16          0       2009   kpm2.o
      1436         36          0          0          0       3656   lcd.o
      2280        600          0         72         50       2931   main.o
      2940        636          0          0          0       3878   myfuncs.o
       304         60          0          0       1160        420   startup.o
       640         16          0          0        100       3985   uart.o
       640         16          0          0         11       2109   uart1.o

    ----------------------------------------------------------------------
     10248       1548         32         88       1324      21773   Object Totals
         0          0         32          0          0          0   (incl. Generated)
         0          0          0          0          3          0   (incl. Padding)

    ----------------------------------------------------------------------

      Code (inc. data)   RO Data    RW Data    ZI Data      Debug   Library Member Name

         8          0          0          0          0         68   __main.o
       122          0          0          0          0        208   __printf.o
        60          8          0          0          0          0   __scatter.o
        40          0          0          0          0          0   __scatter_copy.o
        44          0          0          0          0          0   __scatter_zi.o
        30          0          0          0          0         60   _chval.o
         8          0          0          0          0          0   _printf_c.o
        58          0          0          0          0        112   _printf_char.o
        48          4          0          0          0         96   _printf_char_common.o
         8          0          0          0          0          0   _printf_d.o
       120         18          0          0          0         88   _printf_dec.o
       186          0          0          0          0         96   _printf_intcommon.o
         4          0          0          0          0          0   _printf_percent.o
         8          0          0          0          0          0   _printf_percent_end.o
        88          0          0          0          0         84   _printf_str.o
        10          0          0          0          0         60   _sputc.o
       172          0          0          0          0         96   _strtoul.o
       420          0          0          0          0        148   aeabi_sdiv.o
        38          0          0          0          0         84   atoi.o
        12          0          0          0          0         64   exit.o
         6          0          0          0          0        136   heapauxi.o
         0          0          0          0          0          0   indicate_semi.o
        84          8        272          0          0         92   lc_ctype_c.o
        10          0          0          0          0          0   libinit.o
        30          0          0          0          0          0   libinit2.o
        12          0          0          0          0          0   libshutdown.o
         6          0          0          0          0          0   libshutdown2.o
        12          4          0          0         96         68   libspace.o
       720         64          0          0          0        156   lludiv.o
        48          4          0          0          0         84   noretval__2sprintf.o
        28          4          0          0          0         84   rt_ctype_table.o
        16          4          0          0          0         68   rt_errno_addr_intlibspace.o
        16          4          0          0          0         68   rt_locale_intlibspace.o
         0          0          0          0          0          0   rtentry.o
        44          4          0          0          0          0   rtentry2.o
         8          0          0          0          0          0   rtentry4.o
         8          0          0          0          0          0   rtexit.o
        12          0          0          0          0          0   rtexit2.o
        48          0          0          0          0         68   rtudiv10.o
       160          4          0          0          0         80   strcmp.o
        88          6          0          0          0         76   strcpy.o
       116          4          0          0          0         92   strtol.o
        20          4          0          0          0         60   sys_exit.o
        96          0          0          0          0         80   sys_stackheap_outer.o
         4          0          0          0          0         68   use_no_semi.o
        28          0          0          0          0         68   dcmpi.o
       148          4          0          0          0         92   dleqf.o
       192          0          0          0          0        108   dnaninf.o
        16          0          0          0          0         68   dretinf.o
       100          4          0          0          0         84   f2d.o
       520          8          0          0          0        236   faddsub_noclz.o
        84          4          0          0          0         84   ffixu.o
       100          0          0          0          0        136   fflt_noclz.o
       256          4          0          0          0         84   fmul.o
       168          0          0          0          0         96   fnaninf.o
        16          0          0          0          0         68   fretinf.o
         0          0          0          0          0          0   usenofp.o

    ----------------------------------------------------------------------
      4720        168        272          0        100       3668   Library Totals
        16          0          0          0          4          0   (incl. Padding)

    ----------------------------------------------------------------------

      Code (inc. data)   RO Data    RW Data    ZI Data      Debug   Library Name

      3076        144        272          0         96       2544   c_t.l
      1628         24          0          0          0       1124   fz_ts.l

    ----------------------------------------------------------------------
      4720        168        272          0        100       3668   Library Totals

    ----------------------------------------------------------------------

==============================================================================


      Code (inc. data)   RO Data    RW Data    ZI Data      Debug   

     14968       1716        304         88       1424      22665   Grand Totals
     14968       1716        304         88       1424      22665   ELF Image Totals
     14968       1716        304         88          0          0   ROM Totals

==============================================================================

    Total RO  Size (Code + RO Data)                15272 (  14.91kB)
    Total RW  Size (RW Data + ZI Data)              1512 (   1.48kB)
    Total ROM Size (Code + RO Data + RW Data)      15360 (  15.00kB)

==============================================================================

