<html>
<body>
<pre>
<h1>µVision Build Log</h1>
<h2>Project:</h2>
E:\v23he9p7\prab\PROJECT\PROJECT_ARM\LCD_KPM_TEST\LCD_KPM_TEST.uvproj
Project File Date:  08/16/2024

<h2>Output:</h2>
Build target 'Target 1'
assembling Startup.s...
compiling uart.c...
compiling lcd.c...
compiling kpm2.c...
compiling delay.c...
compiling testmain.c...
compiling interrupt.c...
compiling UART1.c...
linking...
Program Size: Code=6556 RO-data=32 RW-data=44 ZI-data=1372  
FromELF: creating hex file...
"UART_INTERRUPT.axf" - 0 Error(s), 0 Warning(s).
Build target 'Target 1'
linking...
Program Size: Code=6556 RO-data=32 RW-data=44 ZI-data=1372  
FromELF: creating hex file...
"UART_INTERRUPT.axf" - 0 Error(s), 0 Warning(s).
Build target 'Target 1'
linking...
Program Size: Code=6556 RO-data=32 RW-data=44 ZI-data=1372  
FromELF: creating hex file...
"LCD_KPM_TEST.axf" - 0 Error(s), 0 Warning(s).
Build target 'Target 1'
compiling testmain.c...
testmain.c(28): error:  #20: identifier "u1" is undefined
testmain.c:     u1 = U1_RxChar();
testmain.c:     ^
testmain.c: testmain.c: 0 warnings, 1 error
Target not created
Build target 'Target 1'
compiling testmain.c...
testmain.c(84): error:  #20: identifier "u1" is undefined
testmain.c:             u1 = U1_RxChar();
testmain.c:             ^
testmain.c: testmain.c: 0 warnings, 1 error
Target not created
Build target 'Target 1'
compiling testmain.c...
testmain.c(88): error:  #20: identifier "u1" is undefined
testmain.c:             u1 = U1_RxChar();
testmain.c:             ^
testmain.c(59): warning:  #177-D: variable "i" was declared but never referenced
testmain.c:     int i;
testmain.c:         ^
testmain.c: testmain.c: 1 warning, 1 error
Target not created
Build target 'Target 1'
compiling testmain.c...
testmain.c(59): warning:  #177-D: variable "i" was declared but never referenced
testmain.c:     int i;
testmain.c:         ^
testmain.c: testmain.c: 1 warning, 0 errors
linking...
Program Size: Code=6648 RO-data=32 RW-data=44 ZI-data=1372  
FromELF: creating hex file...
"LCD_KPM_TEST.axf" - 0 Error(s), 1 Warning(s).
Build target 'Target 1'
compiling testmain.c...
linking...
Program Size: Code=6648 RO-data=32 RW-data=44 ZI-data=1372  
FromELF: creating hex file...
"LCD_KPM_TEST.axf" - 0 Error(s), 0 Warning(s).
Build target 'Target 1'
compiling testmain.c...
linking...
Program Size: Code=6648 RO-data=32 RW-data=44 ZI-data=1372  
FromELF: creating hex file...
"LCD_KPM_TEST.axf" - 0 Error(s), 0 Warning(s).
Build target 'Target 1'
linking...
Program Size: Code=6648 RO-data=32 RW-data=44 ZI-data=1372  
FromELF: creating hex file...
"LCD_KPM_TEST.axf" - 0 Error(s), 0 Warning(s).
Build target 'Target 1'
compiling interrupt.c...
linking...
Program Size: Code=6636 RO-data=32 RW-data=44 ZI-data=1372  
FromELF: creating hex file...
"LCD_KPM_TEST.axf" - 0 Error(s), 0 Warning(s).
Build target 'Target 1'
linking...
Program Size: Code=6636 RO-data=32 RW-data=44 ZI-data=1372  
FromELF: creating hex file...
"LCD_KPM_TEST.axf" - 0 Error(s), 0 Warning(s).
Build target 'Target 1'
compiling testmain.c...
compiling interrupt.c...
linking...
Program Size: Code=6636 RO-data=32 RW-data=44 ZI-data=1372  
FromELF: creating hex file...
"LCD_KPM_TEST.axf" - 0 Error(s), 0 Warning(s).
Build target 'Target 1'
compiling testmain.c...
linking...
Program Size: Code=6648 RO-data=32 RW-data=44 ZI-data=1372  
FromELF: creating hex file...
"LCD_KPM_TEST.axf" - 0 Error(s), 0 Warning(s).
Build target 'Target 1'
linking...
Program Size: Code=6648 RO-data=32 RW-data=44 ZI-data=1372  
FromELF: creating hex file...
"LCD_KPM_TEST.axf" - 0 Error(s), 0 Warning(s).
